<!doctype html public "-//w3c//dtd html 4.0 transitional//en">
<html><head>
<title>Static Call Graph - [.\Objects\B-L475E-IOT01.axf]</title></head>
<body><HR>
<H1>Static Call Graph for image .\Objects\B-L475E-IOT01.axf</H1><HR>
<BR><P>#&#060CALLGRAPH&#062# ARM Linker, 5050106: Last Updated: Tue Jan 16 11:39:36 2018
<BR><P>
<H3>Maximum Stack Usage =       4824 bytes + Unknown(Functions without stacksize, Cycles, Untraceable Function Pointers)</H3><H3>
Call chain for Maximum Stack Depth:</H3>
do_update &rArr; update_action &rArr; ota_do_update_packet &rArr; ota_status_post &rArr; platform_ota_status_post &rArr; IOT_MQTT_Yield &rArr; iotx_mc_keepalive &rArr; iotx_mc_handle_reconnect &rArr; iotx_guider_authenticate &rArr; _iotId_iotToken_http &rArr; _http_response &rArr; httpclient_common &rArr; httpclient_recv_response &rArr; httpclient_response_parse &rArr; httpclient_retrieve_content &rArr; __0sscanf &rArr; __vfscanf_char &rArr; __vfscanf &rArr; _scanf_string
<P>
<H3>
Functions with no stack information
</H3><UL>
 <LI><a href="#[32a]">cpu_intrpt_save</a>
 <LI><a href="#[32b]">cpu_intrpt_restore</a>
 <LI><a href="#[3cb]">cpu_first_task_start</a>
 <LI><a href="#[32d]">cpu_task_switch</a>
 <LI><a href="#[3b8]">cpu_intrpt_switch</a>
 <LI><a href="#[2c]">PendSV_Handler</a>
</UL>
</UL>
<P>
<H3>
Mutually Recursive functions
</H3> <LI><a href="#[40]">ADC1_2_IRQHandler</a>&nbsp;&nbsp;&nbsp;&rArr;&nbsp;&nbsp;&nbsp;<a href="#[40]">ADC1_2_IRQHandler</a><BR>
 <LI><a href="#[30d]">cJSON_Delete</a>&nbsp;&nbsp;&nbsp;&rArr;&nbsp;&nbsp;&nbsp;<a href="#[30d]">cJSON_Delete</a><BR>
 <LI><a href="#[4f0]">parse_object</a>&nbsp;&nbsp;&nbsp;&rArr;&nbsp;&nbsp;&nbsp;<a href="#[313]">parse_value</a><BR>
 <LI><a href="#[4ee]">parse_array</a>&nbsp;&nbsp;&nbsp;&rArr;&nbsp;&nbsp;&nbsp;<a href="#[313]">parse_value</a><BR>
 <LI><a href="#[4a1]">x509_crt_verify_child</a>&nbsp;&nbsp;&nbsp;&rArr;&nbsp;&nbsp;&nbsp;<a href="#[4a1]">x509_crt_verify_child</a><BR>
</UL>
<P>
<H3>
Function Pointers
</H3><UL>
 <LI><a href="#[40]">ADC1_2_IRQHandler</a> from startup_stm32l475xx_armcc.o(.text) referenced from startup_stm32l475xx_armcc.o(RESET)
 <LI><a href="#[5d]">ADC3_IRQHandler</a> from startup_stm32l475xx_armcc.o(.text) referenced from startup_stm32l475xx_armcc.o(RESET)
 <LI><a href="#[28]">BusFault_Handler</a> from stm32l4xx_it.o(i.BusFault_Handler) referenced from startup_stm32l475xx_armcc.o(RESET)
 <LI><a href="#[42]">CAN1_RX0_IRQHandler</a> from startup_stm32l475xx_armcc.o(.text) referenced from startup_stm32l475xx_armcc.o(RESET)
 <LI><a href="#[43]">CAN1_RX1_IRQHandler</a> from startup_stm32l475xx_armcc.o(.text) referenced from startup_stm32l475xx_armcc.o(RESET)
 <LI><a href="#[44]">CAN1_SCE_IRQHandler</a> from startup_stm32l475xx_armcc.o(.text) referenced from startup_stm32l475xx_armcc.o(RESET)
 <LI><a href="#[41]">CAN1_TX_IRQHandler</a> from startup_stm32l475xx_armcc.o(.text) referenced from startup_stm32l475xx_armcc.o(RESET)
 <LI><a href="#[6e]">COMP_IRQHandler</a> from startup_stm32l475xx_armcc.o(.text) referenced from startup_stm32l475xx_armcc.o(RESET)
 <LI><a href="#[6b]">DFSDM1_FLT0_IRQHandler</a> from startup_stm32l475xx_armcc.o(.text) referenced from startup_stm32l475xx_armcc.o(RESET)
 <LI><a href="#[6c]">DFSDM1_FLT1_IRQHandler</a> from startup_stm32l475xx_armcc.o(.text) referenced from startup_stm32l475xx_armcc.o(RESET)
 <LI><a href="#[6d]">DFSDM1_FLT2_IRQHandler</a> from startup_stm32l475xx_armcc.o(.text) referenced from startup_stm32l475xx_armcc.o(RESET)
 <LI><a href="#[58]">DFSDM1_FLT3_IRQHandler</a> from startup_stm32l475xx_armcc.o(.text) referenced from startup_stm32l475xx_armcc.o(RESET)
 <LI><a href="#[39]">DMA1_Channel1_IRQHandler</a> from startup_stm32l475xx_armcc.o(.text) referenced from startup_stm32l475xx_armcc.o(RESET)
 <LI><a href="#[3a]">DMA1_Channel2_IRQHandler</a> from startup_stm32l475xx_armcc.o(.text) referenced from startup_stm32l475xx_armcc.o(RESET)
 <LI><a href="#[3b]">DMA1_Channel3_IRQHandler</a> from startup_stm32l475xx_armcc.o(.text) referenced from startup_stm32l475xx_armcc.o(RESET)
 <LI><a href="#[3c]">DMA1_Channel4_IRQHandler</a> from startup_stm32l475xx_armcc.o(.text) referenced from startup_stm32l475xx_armcc.o(RESET)
 <LI><a href="#[3d]">DMA1_Channel5_IRQHandler</a> from startup_stm32l475xx_armcc.o(.text) referenced from startup_stm32l475xx_armcc.o(RESET)
 <LI><a href="#[3e]">DMA1_Channel6_IRQHandler</a> from startup_stm32l475xx_armcc.o(.text) referenced from startup_stm32l475xx_armcc.o(RESET)
 <LI><a href="#[3f]">DMA1_Channel7_IRQHandler</a> from startup_stm32l475xx_armcc.o(.text) referenced from startup_stm32l475xx_armcc.o(RESET)
 <LI><a href="#[66]">DMA2_Channel1_IRQHandler</a> from startup_stm32l475xx_armcc.o(.text) referenced from startup_stm32l475xx_armcc.o(RESET)
 <LI><a href="#[67]">DMA2_Channel2_IRQHandler</a> from startup_stm32l475xx_armcc.o(.text) referenced from startup_stm32l475xx_armcc.o(RESET)
 <LI><a href="#[68]">DMA2_Channel3_IRQHandler</a> from startup_stm32l475xx_armcc.o(.text) referenced from startup_stm32l475xx_armcc.o(RESET)
 <LI><a href="#[69]">DMA2_Channel4_IRQHandler</a> from startup_stm32l475xx_armcc.o(.text) referenced from startup_stm32l475xx_armcc.o(RESET)
 <LI><a href="#[6a]">DMA2_Channel5_IRQHandler</a> from startup_stm32l475xx_armcc.o(.text) referenced from startup_stm32l475xx_armcc.o(RESET)
 <LI><a href="#[72]">DMA2_Channel6_IRQHandler</a> from startup_stm32l475xx_armcc.o(.text) referenced from startup_stm32l475xx_armcc.o(RESET)
 <LI><a href="#[73]">DMA2_Channel7_IRQHandler</a> from startup_stm32l475xx_armcc.o(.text) referenced from startup_stm32l475xx_armcc.o(RESET)
 <LI><a href="#[2b]">DebugMon_Handler</a> from stm32l4xx_it.o(i.DebugMon_Handler) referenced from startup_stm32l475xx_armcc.o(RESET)
 <LI><a href="#[34]">EXTI0_IRQHandler</a> from startup_stm32l475xx_armcc.o(.text) referenced from startup_stm32l475xx_armcc.o(RESET)
 <LI><a href="#[56]">EXTI15_10_IRQHandler</a> from stm32l4xx_it.o(i.EXTI15_10_IRQHandler) referenced from startup_stm32l475xx_armcc.o(RESET)
 <LI><a href="#[35]">EXTI1_IRQHandler</a> from startup_stm32l475xx_armcc.o(.text) referenced from startup_stm32l475xx_armcc.o(RESET)
 <LI><a href="#[36]">EXTI2_IRQHandler</a> from startup_stm32l475xx_armcc.o(.text) referenced from startup_stm32l475xx_armcc.o(RESET)
 <LI><a href="#[37]">EXTI3_IRQHandler</a> from startup_stm32l475xx_armcc.o(.text) referenced from startup_stm32l475xx_armcc.o(RESET)
 <LI><a href="#[38]">EXTI4_IRQHandler</a> from startup_stm32l475xx_armcc.o(.text) referenced from startup_stm32l475xx_armcc.o(RESET)
 <LI><a href="#[45]">EXTI9_5_IRQHandler</a> from startup_stm32l475xx_armcc.o(.text) referenced from startup_stm32l475xx_armcc.o(RESET)
 <LI><a href="#[32]">FLASH_IRQHandler</a> from startup_stm32l475xx_armcc.o(.text) referenced from startup_stm32l475xx_armcc.o(RESET)
 <LI><a href="#[5e]">FMC_IRQHandler</a> from startup_stm32l475xx_armcc.o(.text) referenced from startup_stm32l475xx_armcc.o(RESET)
 <LI><a href="#[7d]">FPU_IRQHandler</a> from startup_stm32l475xx_armcc.o(.text) referenced from startup_stm32l475xx_armcc.o(RESET)
 <LI><a href="#[26]">HardFault_Handler</a> from stm32l4xx_it.o(i.HardFault_Handler) referenced from startup_stm32l475xx_armcc.o(RESET)
 <LI><a href="#[4e]">I2C1_ER_IRQHandler</a> from startup_stm32l475xx_armcc.o(.text) referenced from startup_stm32l475xx_armcc.o(RESET)
 <LI><a href="#[4d]">I2C1_EV_IRQHandler</a> from startup_stm32l475xx_armcc.o(.text) referenced from startup_stm32l475xx_armcc.o(RESET)
 <LI><a href="#[50]">I2C2_ER_IRQHandler</a> from startup_stm32l475xx_armcc.o(.text) referenced from startup_stm32l475xx_armcc.o(RESET)
 <LI><a href="#[4f]">I2C2_EV_IRQHandler</a> from startup_stm32l475xx_armcc.o(.text) referenced from startup_stm32l475xx_armcc.o(RESET)
 <LI><a href="#[77]">I2C3_ER_IRQHandler</a> from startup_stm32l475xx_armcc.o(.text) referenced from startup_stm32l475xx_armcc.o(RESET)
 <LI><a href="#[76]">I2C3_EV_IRQHandler</a> from startup_stm32l475xx_armcc.o(.text) referenced from startup_stm32l475xx_armcc.o(RESET)
 <LI><a href="#[97]">LITE_free_routine</a> from mem_stats.o(i.LITE_free_routine) referenced from mqtt_client.o(i.iotx_mc_init)
 <LI><a href="#[6f]">LPTIM1_IRQHandler</a> from startup_stm32l475xx_armcc.o(.text) referenced from startup_stm32l475xx_armcc.o(RESET)
 <LI><a href="#[70]">LPTIM2_IRQHandler</a> from startup_stm32l475xx_armcc.o(.text) referenced from startup_stm32l475xx_armcc.o(RESET)
 <LI><a href="#[74]">LPUART1_IRQHandler</a> from startup_stm32l475xx_armcc.o(.text) referenced from startup_stm32l475xx_armcc.o(RESET)
 <LI><a href="#[27]">MemManage_Handler</a> from stm32l4xx_it.o(i.MemManage_Handler) referenced from startup_stm32l475xx_armcc.o(RESET)
 <LI><a href="#[25]">NMI_Handler</a> from stm32l4xx_it.o(i.NMI_Handler) referenced from startup_stm32l475xx_armcc.o(RESET)
 <LI><a href="#[a5]">OSA_mutex_free</a> from mbedtls_alt.o(i.OSA_mutex_free) referenced from rsa.o(i.mbedtls_rsa_init)
 <LI><a href="#[a6]">OSA_mutex_init</a> from mbedtls_alt.o(i.OSA_mutex_init) referenced from rsa.o(i.mbedtls_rsa_init)
 <LI><a href="#[a4]">OSA_mutex_lock</a> from mbedtls_alt.o(i.OSA_mutex_lock) referenced from rsa.o(i.mbedtls_rsa_init)
 <LI><a href="#[a3]">OSA_mutex_unlock</a> from mbedtls_alt.o(i.OSA_mutex_unlock) referenced from rsa.o(i.mbedtls_rsa_init)
 <LI><a href="#[71]">OTG_FS_IRQHandler</a> from startup_stm32l475xx_armcc.o(.text) referenced from startup_stm32l475xx_armcc.o(RESET)
 <LI><a href="#[2f]">PVD_PVM_IRQHandler</a> from startup_stm32l475xx_armcc.o(.text) referenced from startup_stm32l475xx_armcc.o(RESET)
 <LI><a href="#[2c]">PendSV_Handler</a> from port_c_1.o(.text) referenced from startup_stm32l475xx_armcc.o(RESET)
 <LI><a href="#[75]">QUADSPI_IRQHandler</a> from startup_stm32l475xx_armcc.o(.text) referenced from startup_stm32l475xx_armcc.o(RESET)
 <LI><a href="#[33]">RCC_IRQHandler</a> from startup_stm32l475xx_armcc.o(.text) referenced from startup_stm32l475xx_armcc.o(RESET)
 <LI><a href="#[7c]">RNG_IRQHandler</a> from startup_stm32l475xx_armcc.o(.text) referenced from startup_stm32l475xx_armcc.o(RESET)
 <LI><a href="#[57]">RTC_Alarm_IRQHandler</a> from startup_stm32l475xx_armcc.o(.text) referenced from startup_stm32l475xx_armcc.o(RESET)
 <LI><a href="#[31]">RTC_WKUP_IRQHandler</a> from startup_stm32l475xx_armcc.o(.text) referenced from startup_stm32l475xx_armcc.o(RESET)
 <LI><a href="#[24]">Reset_Handler</a> from startup_stm32l475xx_armcc.o(.text) referenced from startup_stm32l475xx_armcc.o(RESET)
 <LI><a href="#[78]">SAI1_IRQHandler</a> from startup_stm32l475xx_armcc.o(.text) referenced from startup_stm32l475xx_armcc.o(RESET)
 <LI><a href="#[79]">SAI2_IRQHandler</a> from startup_stm32l475xx_armcc.o(.text) referenced from startup_stm32l475xx_armcc.o(RESET)
 <LI><a href="#[5f]">SDMMC1_IRQHandler</a> from startup_stm32l475xx_armcc.o(.text) referenced from startup_stm32l475xx_armcc.o(RESET)
 <LI><a href="#[51]">SPI1_IRQHandler</a> from startup_stm32l475xx_armcc.o(.text) referenced from startup_stm32l475xx_armcc.o(RESET)
 <LI><a href="#[52]">SPI2_IRQHandler</a> from startup_stm32l475xx_armcc.o(.text) referenced from startup_stm32l475xx_armcc.o(RESET)
 <LI><a href="#[61]">SPI3_IRQHandler</a> from startup_stm32l475xx_armcc.o(.text) referenced from startup_stm32l475xx_armcc.o(RESET)
 <LI><a href="#[2a]">SVC_Handler</a> from stm32l4xx_it.o(i.SVC_Handler) referenced from startup_stm32l475xx_armcc.o(RESET)
 <LI><a href="#[7a]">SWPMI1_IRQHandler</a> from startup_stm32l475xx_armcc.o(.text) referenced from startup_stm32l475xx_armcc.o(RESET)
 <LI><a href="#[2d]">SysTick_Handler</a> from stm32l4xx_it.o(i.SysTick_Handler) referenced from startup_stm32l475xx_armcc.o(RESET)
 <LI><a href="#[7f]">SystemInit</a> from system_stm32l4xx.o(i.SystemInit) referenced from startup_stm32l475xx_armcc.o(.text)
 <LI><a href="#[30]">TAMP_STAMP_IRQHandler</a> from startup_stm32l475xx_armcc.o(.text) referenced from startup_stm32l475xx_armcc.o(RESET)
 <LI><a href="#[46]">TIM1_BRK_TIM15_IRQHandler</a> from startup_stm32l475xx_armcc.o(.text) referenced from startup_stm32l475xx_armcc.o(RESET)
 <LI><a href="#[49]">TIM1_CC_IRQHandler</a> from startup_stm32l475xx_armcc.o(.text) referenced from startup_stm32l475xx_armcc.o(RESET)
 <LI><a href="#[48]">TIM1_TRG_COM_TIM17_IRQHandler</a> from startup_stm32l475xx_armcc.o(.text) referenced from startup_stm32l475xx_armcc.o(RESET)
 <LI><a href="#[47]">TIM1_UP_TIM16_IRQHandler</a> from startup_stm32l475xx_armcc.o(.text) referenced from startup_stm32l475xx_armcc.o(RESET)
 <LI><a href="#[4a]">TIM2_IRQHandler</a> from startup_stm32l475xx_armcc.o(.text) referenced from startup_stm32l475xx_armcc.o(RESET)
 <LI><a href="#[4b]">TIM3_IRQHandler</a> from startup_stm32l475xx_armcc.o(.text) referenced from startup_stm32l475xx_armcc.o(RESET)
 <LI><a href="#[4c]">TIM4_IRQHandler</a> from startup_stm32l475xx_armcc.o(.text) referenced from startup_stm32l475xx_armcc.o(RESET)
 <LI><a href="#[60]">TIM5_IRQHandler</a> from startup_stm32l475xx_armcc.o(.text) referenced from startup_stm32l475xx_armcc.o(RESET)
 <LI><a href="#[64]">TIM6_DAC_IRQHandler</a> from startup_stm32l475xx_armcc.o(.text) referenced from startup_stm32l475xx_armcc.o(RESET)
 <LI><a href="#[65]">TIM7_IRQHandler</a> from startup_stm32l475xx_armcc.o(.text) referenced from startup_stm32l475xx_armcc.o(RESET)
 <LI><a href="#[59]">TIM8_BRK_IRQHandler</a> from startup_stm32l475xx_armcc.o(.text) referenced from startup_stm32l475xx_armcc.o(RESET)
 <LI><a href="#[5c]">TIM8_CC_IRQHandler</a> from startup_stm32l475xx_armcc.o(.text) referenced from startup_stm32l475xx_armcc.o(RESET)
 <LI><a href="#[5b]">TIM8_TRG_COM_IRQHandler</a> from startup_stm32l475xx_armcc.o(.text) referenced from startup_stm32l475xx_armcc.o(RESET)
 <LI><a href="#[5a]">TIM8_UP_IRQHandler</a> from startup_stm32l475xx_armcc.o(.text) referenced from startup_stm32l475xx_armcc.o(RESET)
 <LI><a href="#[7b]">TSC_IRQHandler</a> from startup_stm32l475xx_armcc.o(.text) referenced from startup_stm32l475xx_armcc.o(RESET)
 <LI><a href="#[62]">UART4_IRQHandler</a> from stm32l4xx_it.o(i.UART4_IRQHandler) referenced from startup_stm32l475xx_armcc.o(RESET)
 <LI><a href="#[63]">UART5_IRQHandler</a> from startup_stm32l475xx_armcc.o(.text) referenced from startup_stm32l475xx_armcc.o(RESET)
 <LI><a href="#[85]">UART_DMAAbortOnError</a> from stm32l4xx_hal_uart.o(i.UART_DMAAbortOnError) referenced from stm32l4xx_hal_uart.o(i.HAL_UART_IRQHandler)
 <LI><a href="#[53]">USART1_IRQHandler</a> from startup_stm32l475xx_armcc.o(.text) referenced from startup_stm32l475xx_armcc.o(RESET)
 <LI><a href="#[54]">USART2_IRQHandler</a> from stm32l4xx_it.o(i.USART2_IRQHandler) referenced from startup_stm32l475xx_armcc.o(RESET)
 <LI><a href="#[55]">USART3_IRQHandler</a> from stm32l4xx_it.o(i.USART3_IRQHandler) referenced from startup_stm32l475xx_armcc.o(RESET)
 <LI><a href="#[29]">UsageFault_Handler</a> from stm32l4xx_it.o(i.UsageFault_Handler) referenced from startup_stm32l475xx_armcc.o(RESET)
 <LI><a href="#[2e]">WWDG_IRQHandler</a> from startup_stm32l475xx_armcc.o(.text) referenced from startup_stm32l475xx_armcc.o(RESET)
 <LI><a href="#[a1]">__item_find_cb</a> from kvmgr.o(i.__item_find_cb) referenced from kvmgr.o(i.kv_item_get)
 <LI><a href="#[92]">__item_gc_cb</a> from kvmgr.o(i.__item_gc_cb) referenced from kvmgr.o(i.aos_kv_gc)
 <LI><a href="#[96]">__item_print_cb</a> from kvmgr.o(i.__item_print_cb) referenced from kvmgr.o(i.handle_kv_cmd)
 <LI><a href="#[a0]">__item_recovery_cb</a> from kvmgr.o(i.__item_recovery_cb) referenced from kvmgr.o(i.kv_init)
 <LI><a href="#[80]">__main</a> from entry.o(.ARM.Collect$$$$00000000) referenced from startup_stm32l475xx_armcc.o(.text)
 <LI><a href="#[ac]">_demo_message_arrive</a> from mqtt-example-b_l475e.o(i._demo_message_arrive) referenced from mqtt-example-b_l475e.o(i.mqtt_client_example)
 <LI><a href="#[82]">_sbackspace</a> from _sgetc.o(.text) referenced from __0sscanf.o(.text)
 <LI><a href="#[83]">_scanf_char_input</a> from scanf_char.o(.text) referenced from scanf_char.o(.text)
 <LI><a href="#[81]">_sgetc</a> from _sgetc.o(.text) referenced from __0sscanf.o(.text)
 <LI><a href="#[8d]">_snputc</a> from printfa.o(i._snputc) referenced from printfa.o(i.__0snprintf)
 <LI><a href="#[8d]">_snputc</a> from printfa.o(i._snputc) referenced from printfa.o(i.__0vsnprintf)
 <LI><a href="#[8e]">_sputc</a> from printfa.o(i._sputc) referenced from printfa.o(i.__0sprintf)
 <LI><a href="#[88]">_ssl_debug</a> from hal_tls_mbedtls.o(i._ssl_debug) referenced from hal_tls_mbedtls.o(i.TLSConnectNetwork)
 <LI><a href="#[87]">_ssl_random</a> from hal_tls_mbedtls.o(i._ssl_random) referenced from hal_tls_mbedtls.o(i.TLSConnectNetwork)
 <LI><a href="#[d5]">aes_crypt_cbc_wrap</a> from cipher_wrap.o(i.aes_crypt_cbc_wrap) referenced from cipher_wrap.o(.constdata)
 <LI><a href="#[d4]">aes_crypt_ecb_wrap</a> from cipher_wrap.o(i.aes_crypt_ecb_wrap) referenced from cipher_wrap.o(.constdata)
 <LI><a href="#[d8]">aes_ctx_alloc</a> from cipher_wrap.o(i.aes_ctx_alloc) referenced from cipher_wrap.o(.constdata)
 <LI><a href="#[d9]">aes_ctx_free</a> from cipher_wrap.o(i.aes_ctx_free) referenced from cipher_wrap.o(.constdata)
 <LI><a href="#[d7]">aes_setkey_dec_wrap</a> from cipher_wrap.o(i.aes_setkey_dec_wrap) referenced from cipher_wrap.o(.constdata)
 <LI><a href="#[d6]">aes_setkey_enc_wrap</a> from cipher_wrap.o(i.aes_setkey_enc_wrap) referenced from cipher_wrap.o(.constdata)
 <LI><a href="#[b3]">aliot_mqtt_ota_callback</a> from ota_transport.o(i.aliot_mqtt_ota_callback) referenced from ota_transport.o(i.platform_ota_subscribe_upgrade)
 <LI><a href="#[21]">aos_free</a> from aos_rhino.o(i.aos_free) referenced 2 times from cjson.o(.data)
 <LI><a href="#[b7]">aos_kv_gc</a> from kvmgr.o(i.aos_kv_gc) referenced from kvmgr.o(i.trigger_gc)
 <LI><a href="#[20]">aos_malloc</a> from aos_rhino.o(i.aos_malloc) referenced 2 times from cjson.o(.data)
 <LI><a href="#[86]">bufchar</a> from mqttpacket.o(i.bufchar) referenced from mqttpacket.o(i.MQTTPacket_decodeBuf)
 <LI><a href="#[b1]">cancel_update</a> from ota_service.o(i.cancel_update) referenced from ota_service.o(i.ota_regist_upgrade)
 <LI><a href="#[90]">cli_main</a> from cli.o(i.cli_main) referenced from cli.o(i.aos_cli_init)
 <LI><a href="#[1f]">def_smart_config_result_cb</a> from netmgr.o(i.def_smart_config_result_cb) referenced 2 times from netmgr.o(.data)
 <LI><a href="#[1d]">def_smart_config_start</a> from netmgr.o(i.def_smart_config_start) referenced 2 times from netmgr.o(.data)
 <LI><a href="#[1e]">def_smart_config_stop</a> from netmgr.o(i.def_smart_config_stop) referenced 2 times from netmgr.o(.data)
 <LI><a href="#[cc]">devname_cmd</a> from cli.o(i.devname_cmd) referenced from cli.o(.constdata)
 <LI><a href="#[b0]">do_update</a> from ota_service.o(i.do_update) referenced from ota_service.o(i.ota_regist_upgrade)
 <LI><a href="#[cd]">dumpsys_cmd</a> from cli.o(i.dumpsys_cmd) referenced from cli.o(.constdata)
 <LI><a href="#[95]">dyn_mem_proc_task</a> from k_dyn_mem_proc.o(i.dyn_mem_proc_task) referenced from k_dyn_mem_proc.o(i.dyn_mem_proc_task_start)
 <LI><a href="#[c9]">echo_cmd</a> from cli.o(i.echo_cmd) referenced from cli.o(.constdata)
 <LI><a href="#[bb]">event_close</a> from device.o(i.event_close) referenced from device.o(.constdata)
 <LI><a href="#[ab]">event_handle_mqtt</a> from mqtt-example-b_l475e.o(i.event_handle_mqtt) referenced from mqtt-example-b_l475e.o(i.mqtt_client_example)
 <LI><a href="#[be]">event_ioctl</a> from device.o(i.event_ioctl) referenced from device.o(.constdata)
 <LI><a href="#[ba]">event_open</a> from device.o(i.event_open) referenced from device.o(.constdata)
 <LI><a href="#[bf]">event_poll</a> from device.o(i.event_poll) referenced from device.o(.constdata)
 <LI><a href="#[bc]">event_read</a> from device.o(i.event_read) referenced from device.o(.constdata)
 <LI><a href="#[91]">event_read_cb</a> from local_event.o(i.event_read_cb) referenced from local_event.o(i.aos_event_service_init)
 <LI><a href="#[bd]">event_write</a> from device.o(i.event_write) referenced from device.o(.constdata)
 <LI><a href="#[ca]">exit_cmd</a> from cli.o(i.exit_cmd) referenced from cli.o(.constdata)
 <LI><a href="#[8c]">fputc</a> from soc_init.o(i.fputc) referenced from printfa.o(i.__0fprintf)
 <LI><a href="#[8c]">fputc</a> from soc_init.o(i.fputc) referenced from printfa.o(i.__0printf)
 <LI><a href="#[8c]">fputc</a> from soc_init.o(i.fputc) referenced from printfa.o(i.__0vprintf)
 <LI><a href="#[b]">get_ip_stat</a> from wifi_port.o(i.get_ip_stat) referenced 2 times from wifi_port.o(.data)
 <LI><a href="#[c]">get_link_stat</a> from wifi_port.o(i.get_link_stat) referenced 2 times from wifi_port.o(.data)
 <LI><a href="#[a2]">get_no_padding</a> from cipher.o(i.get_no_padding) referenced from cipher.o(i.mbedtls_cipher_set_padding_mode)
 <LI><a href="#[1a]">handle_kv_cmd</a> from kvmgr.o(i.handle_kv_cmd) referenced 2 times from kvmgr.o(.data)
 <LI><a href="#[1c]">handle_netmgr_cmd</a> from netmgr.o(i.handle_netmgr_cmd) referenced 2 times from netmgr.o(.data)
 <LI><a href="#[c7]">help_cmd</a> from cli.o(i.help_cmd) referenced from cli.o(.constdata)
 <LI><a href="#[9d]">idle_task</a> from k_idle.o(i.idle_task) referenced from k_sys.o(i.krhino_init)
 <LI><a href="#[9b]">iotx_net_connect</a> from utils_net.o(i.iotx_net_connect) referenced from utils_net.o(i.iotx_net_init)
 <LI><a href="#[9a]">iotx_net_disconnect</a> from utils_net.o(i.iotx_net_disconnect) referenced from utils_net.o(i.iotx_net_init)
 <LI><a href="#[84]">isspace</a> from isspace_o.o(.text) referenced from scanf_char.o(.text)
 <LI><a href="#[9c]">json_get_value_by_name_cb</a> from json_parser.o(i.json_get_value_by_name_cb) referenced from json_parser.o(i.json_get_value_by_name)
 <LI><a href="#[94]">krhino_task_deathbed</a> from k_task.o(i.krhino_task_deathbed) referenced from port_c.o(i.cpu_task_stack_init)
 <LI><a href="#[d2]">log_cmd</a> from cli.o(i.log_cmd) referenced from cli.o(.constdata)
 <LI><a href="#[d3]">mac_cmd</a> from cli.o(i.mac_cmd) referenced from cli.o(.constdata)
 <LI><a href="#[7e]">main</a> from aos.o(i.main) referenced from entry9a.o(.ARM.Collect$$$$0000000B)
 <LI><a href="#[dd]">mbedtls_md5</a> from md5.o(i.mbedtls_md5) referenced from md_wrap.o(.constdata)
 <LI><a href="#[8a]">mbedtls_net_recv</a> from mbedtls_net.o(i.mbedtls_net_recv) referenced from hal_tls_mbedtls.o(i.TLSConnectNetwork)
 <LI><a href="#[89]">mbedtls_net_recv_timeout</a> from mbedtls_net.o(i.mbedtls_net_recv_timeout) referenced from hal_tls_mbedtls.o(i.TLSConnectNetwork)
 <LI><a href="#[8b]">mbedtls_net_send</a> from mbedtls_net.o(i.mbedtls_net_send) referenced from hal_tls_mbedtls.o(i.TLSConnectNetwork)
 <LI><a href="#[e5]">mbedtls_sha1</a> from sha1.o(i.mbedtls_sha1) referenced from md_wrap.o(.constdata)
 <LI><a href="#[e0]">md5_clone_wrap</a> from md_wrap.o(i.md5_clone_wrap) referenced from md_wrap.o(.constdata)
 <LI><a href="#[de]">md5_ctx_alloc</a> from md_wrap.o(i.md5_ctx_alloc) referenced from md_wrap.o(.constdata)
 <LI><a href="#[df]">md5_ctx_free</a> from md_wrap.o(i.md5_ctx_free) referenced from md_wrap.o(.constdata)
 <LI><a href="#[dc]">md5_finish_wrap</a> from md_wrap.o(i.md5_finish_wrap) referenced from md_wrap.o(.constdata)
 <LI><a href="#[e1]">md5_process_wrap</a> from md_wrap.o(i.md5_process_wrap) referenced from md_wrap.o(.constdata)
 <LI><a href="#[da]">md5_starts_wrap</a> from md_wrap.o(i.md5_starts_wrap) referenced from md_wrap.o(.constdata)
 <LI><a href="#[db]">md5_update_wrap</a> from md_wrap.o(i.md5_update_wrap) referenced from md_wrap.o(.constdata)
 <LI><a href="#[8f]">myrand</a> from rsa.o(i.myrand) referenced from rsa.o(i.ali_rsa_public_encrypt)
 <LI><a href="#[c0]">netmgr_connect_fail_event</a> from netmgr.o(i.netmgr_connect_fail_event) referenced from netmgr.o(.constdata)
 <LI><a href="#[ad]">netmgr_events_executor</a> from netmgr.o(i.netmgr_events_executor) referenced from netmgr.o(i.netmgr_init)
 <LI><a href="#[c6]">netmgr_fatal_err_event</a> from netmgr.o(i.netmgr_fatal_err_event) referenced from netmgr.o(.constdata)
 <LI><a href="#[c1]">netmgr_ip_got_event</a> from netmgr.o(i.netmgr_ip_got_event) referenced from netmgr.o(.constdata)
 <LI><a href="#[c5]">netmgr_para_chg_event</a> from netmgr.o(i.netmgr_para_chg_event) referenced from netmgr.o(.constdata)
 <LI><a href="#[c4]">netmgr_scan_adv_completed_event</a> from netmgr.o(i.netmgr_scan_adv_completed_event) referenced from netmgr.o(.constdata)
 <LI><a href="#[c3]">netmgr_scan_completed_event</a> from netmgr.o(i.netmgr_scan_completed_event) referenced from netmgr.o(.constdata)
 <LI><a href="#[c2]">netmgr_stat_chg_event</a> from netmgr.o(i.netmgr_stat_chg_event) referenced from netmgr.o(.constdata)
 <LI><a href="#[d0]">ota_cmd</a> from cli.o(i.ota_cmd) referenced from cli.o(.constdata)
 <LI><a href="#[af]">ota_download_start</a> from ota_update_manifest.o(i.ota_download_start) referenced from ota_update_manifest.o(i.ota_do_update_packet)
 <LI><a href="#[b8]">ota_hal_finish_cb</a> from ota_service.o(i.ota_hal_finish_cb) referenced from ota_service.o(i.update_action)
 <LI><a href="#[b9]">ota_hal_write_cb</a> from ota_service.o(i.ota_hal_write_cb) referenced from ota_service.o(i.update_action)
 <LI><a href="#[b2]">ota_service_event</a> from ota_service.o(i.ota_service_event) referenced from ota_service.o(i.ota_service_init)
 <LI><a href="#[f]">power_off</a> from wifi_port.o(i.power_off) referenced 2 times from wifi_port.o(.data)
 <LI><a href="#[10]">power_on</a> from wifi_port.o(i.power_on) referenced 2 times from wifi_port.o(.data)
 <LI><a href="#[ce]">reboot_cmd</a> from cli.o(i.reboot_cmd) referenced from cli.o(.constdata)
 <LI><a href="#[17]">register_monitor_cb</a> from wifi_port.o(i.register_monitor_cb) referenced 2 times from wifi_port.o(.data)
 <LI><a href="#[18]">register_wlan_mgnt_monitor_cb</a> from wifi_port.o(i.register_wlan_mgnt_monitor_cb) referenced 2 times from wifi_port.o(.data)
 <LI><a href="#[fa]">rsa_alloc_wrap</a> from pk_wrap.o(i.rsa_alloc_wrap) referenced from pk_wrap.o(.constdata)
 <LI><a href="#[f5]">rsa_can_do</a> from pk_wrap.o(i.rsa_can_do) referenced from pk_wrap.o(.constdata)
 <LI><a href="#[fc]">rsa_debug_wrap</a> from pk_wrap.o(i.rsa_debug_wrap) referenced from pk_wrap.o(.constdata)
 <LI><a href="#[f8]">rsa_decrypt_wrap</a> from pk_wrap.o(i.rsa_decrypt_wrap) referenced from pk_wrap.o(.constdata)
 <LI><a href="#[f9]">rsa_encrypt_wrap</a> from pk_wrap.o(i.rsa_encrypt_wrap) referenced from pk_wrap.o(.constdata)
 <LI><a href="#[fb]">rsa_free_wrap</a> from pk_wrap.o(i.rsa_free_wrap) referenced from pk_wrap.o(.constdata)
 <LI><a href="#[f4]">rsa_get_bitlen</a> from pk_wrap.o(i.rsa_get_bitlen) referenced from pk_wrap.o(.constdata)
 <LI><a href="#[f7]">rsa_sign_wrap</a> from pk_wrap.o(i.rsa_sign_wrap) referenced from pk_wrap.o(.constdata)
 <LI><a href="#[f6]">rsa_verify_wrap</a> from pk_wrap.o(i.rsa_verify_wrap) referenced from pk_wrap.o(.constdata)
 <LI><a href="#[14]">set_channel</a> from wifi_port.o(i.set_channel) referenced 2 times from wifi_port.o(.data)
 <LI><a href="#[e8]">sha1_clone_wrap</a> from md_wrap.o(i.sha1_clone_wrap) referenced from md_wrap.o(.constdata)
 <LI><a href="#[e6]">sha1_ctx_alloc</a> from md_wrap.o(i.sha1_ctx_alloc) referenced from md_wrap.o(.constdata)
 <LI><a href="#[e7]">sha1_ctx_free</a> from md_wrap.o(i.sha1_ctx_free) referenced from md_wrap.o(.constdata)
 <LI><a href="#[e4]">sha1_finish_wrap</a> from md_wrap.o(i.sha1_finish_wrap) referenced from md_wrap.o(.constdata)
 <LI><a href="#[e9]">sha1_process_wrap</a> from md_wrap.o(i.sha1_process_wrap) referenced from md_wrap.o(.constdata)
 <LI><a href="#[e2]">sha1_starts_wrap</a> from md_wrap.o(i.sha1_starts_wrap) referenced from md_wrap.o(.constdata)
 <LI><a href="#[e3]">sha1_update_wrap</a> from md_wrap.o(i.sha1_update_wrap) referenced from md_wrap.o(.constdata)
 <LI><a href="#[f0]">sha224_clone_wrap</a> from md_wrap.o(i.sha224_clone_wrap) referenced 2 times from md_wrap.o(.constdata)
 <LI><a href="#[ee]">sha224_ctx_alloc</a> from md_wrap.o(i.sha224_ctx_alloc) referenced 2 times from md_wrap.o(.constdata)
 <LI><a href="#[ef]">sha224_ctx_free</a> from md_wrap.o(i.sha224_ctx_free) referenced 2 times from md_wrap.o(.constdata)
 <LI><a href="#[ec]">sha224_finish_wrap</a> from md_wrap.o(i.sha224_finish_wrap) referenced 2 times from md_wrap.o(.constdata)
 <LI><a href="#[f1]">sha224_process_wrap</a> from md_wrap.o(i.sha224_process_wrap) referenced 2 times from md_wrap.o(.constdata)
 <LI><a href="#[ea]">sha224_starts_wrap</a> from md_wrap.o(i.sha224_starts_wrap) referenced from md_wrap.o(.constdata)
 <LI><a href="#[eb]">sha224_update_wrap</a> from md_wrap.o(i.sha224_update_wrap) referenced 2 times from md_wrap.o(.constdata)
 <LI><a href="#[ed]">sha224_wrap</a> from md_wrap.o(i.sha224_wrap) referenced from md_wrap.o(.constdata)
 <LI><a href="#[f2]">sha256_starts_wrap</a> from md_wrap.o(i.sha256_starts_wrap) referenced from md_wrap.o(.constdata)
 <LI><a href="#[f3]">sha256_wrap</a> from md_wrap.o(i.sha256_wrap) referenced from md_wrap.o(.constdata)
 <LI><a href="#[1b]">show_version</a> from version.o(i.show_version) referenced 2 times from version.o(.data)
 <LI><a href="#[2]">soc_err_proc</a> from soc_impl.o(i.soc_err_proc) referenced 2 times from soc_impl.o(.data)
 <LI><a href="#[a9]">ssl_calc_finished_tls_sha256</a> from ssl_tls.o(i.ssl_calc_finished_tls_sha256) referenced from ssl_tls.o(i.mbedtls_ssl_derive_keys)
 <LI><a href="#[a8]">ssl_calc_verify_tls_sha256</a> from ssl_tls.o(i.ssl_calc_verify_tls_sha256) referenced from ssl_tls.o(i.mbedtls_ssl_derive_keys)
 <LI><a href="#[aa]">ssl_update_checksum_sha256</a> from ssl_tls.o(i.ssl_update_checksum_sha256) referenced from ssl_tls.o(i.mbedtls_ssl_optimize_checksum)
 <LI><a href="#[b5]">ssl_update_checksum_start</a> from ssl_tls.o(i.ssl_update_checksum_start) referenced from ssl_tls.o(i.ssl_handshake_init)
 <LI><a href="#[15]">start_monitor</a> from wifi_port.o(i.start_monitor) referenced 2 times from wifi_port.o(.data)
 <LI><a href="#[d]">start_scan</a> from wifi_port.o(i.start_scan) referenced 2 times from wifi_port.o(.data)
 <LI><a href="#[e]">start_scan_adv</a> from wifi_port.o(i.start_scan_adv) referenced 2 times from wifi_port.o(.data)
 <LI><a href="#[3]">stm32l475_ota_init</a> from ota_port.o(i.stm32l475_ota_init) referenced 2 times from ota_port.o(.data)
 <LI><a href="#[5]">stm32l475_ota_read</a> from ota_port.o(i.stm32l475_ota_read) referenced 2 times from ota_port.o(.data)
 <LI><a href="#[6]">stm32l475_ota_set_boot</a> from ota_port.o(i.stm32l475_ota_set_boot) referenced 2 times from ota_port.o(.data)
 <LI><a href="#[4]">stm32l475_ota_write</a> from ota_port.o(i.stm32l475_ota_write) referenced 2 times from ota_port.o(.data)
 <LI><a href="#[16]">stop_monitor</a> from wifi_port.o(i.stop_monitor) referenced 2 times from wifi_port.o(.data)
 <LI><a href="#[11]">suspend</a> from wifi_port.o(i.suspend) referenced 2 times from wifi_port.o(.data)
 <LI><a href="#[13]">suspend_soft_ap</a> from wifi_port.o(i.suspend_soft_ap) referenced 2 times from wifi_port.o(.data)
 <LI><a href="#[12]">suspend_station</a> from wifi_port.o(i.suspend_station) referenced 2 times from wifi_port.o(.data)
 <LI><a href="#[b6]">sys_init</a> from aos.o(i.sys_init) referenced from aos.o(i.sys_start)
 <LI><a href="#[cb]">task_cmd</a> from cli.o(i.task_cmd) referenced from cli.o(.constdata)
 <LI><a href="#[ae]">tftp_ota_thread</a> from cli.o(i.tftp_ota_thread) referenced from cli.o(i.ota_cmd)
 <LI><a href="#[22]">threading_mutex_dummy</a> from threading.o(i.threading_mutex_dummy) referenced 4 times from threading.o(.data)
 <LI><a href="#[23]">threading_mutex_fail</a> from threading.o(i.threading_mutex_fail) referenced 4 times from threading.o(.data)
 <LI><a href="#[9f]">timer_task</a> from k_timer.o(i.timer_task) referenced from k_timer.o(i.ktimer_init)
 <LI><a href="#[a7]">tls_prf_sha256</a> from ssl_tls.o(i.tls_prf_sha256) referenced from ssl_tls.o(i.mbedtls_ssl_derive_keys)
 <LI><a href="#[cf]">uptime_cmd</a> from cli.o(i.uptime_cmd) referenced from cli.o(.constdata)
 <LI><a href="#[98]">utils_net_read</a> from utils_net.o(i.utils_net_read) referenced from utils_net.o(i.iotx_net_init)
 <LI><a href="#[99]">utils_net_write</a> from utils_net.o(i.utils_net_write) referenced from utils_net.o(i.iotx_net_init)
 <LI><a href="#[c8]">version_cmd</a> from cli.o(i.version_cmd) referenced from cli.o(.constdata)
 <LI><a href="#[b4]">vfs_poll_notify</a> from vfs.o(i.vfs_poll_notify) referenced from vfs.o(i.pre_poll)
 <LI><a href="#[d1]">wifi_debug_cmd</a> from cli.o(i.wifi_debug_cmd) referenced from cli.o(.constdata)
 <LI><a href="#[8]">wifi_get_mac_addr</a> from wifi_port.o(i.wifi_get_mac_addr) referenced 2 times from wifi_port.o(.data)
 <LI><a href="#[7]">wifi_init</a> from wifi_port.o(i.wifi_init) referenced 2 times from wifi_port.o(.data)
 <LI><a href="#[93]">wifi_service_event</a> from mqtt-example-b_l475e.o(i.wifi_service_event) referenced from mqtt-example-b_l475e.o(i.application_start)
 <LI><a href="#[9]">wifi_start</a> from wifi_port.o(i.wifi_start) referenced 2 times from wifi_port.o(.data)
 <LI><a href="#[a]">wifi_start_adv</a> from wifi_port.o(i.wifi_start_adv) referenced 2 times from wifi_port.o(.data)
 <LI><a href="#[19]">wlan_send_80211_raw_frame</a> from wifi_port.o(i.wlan_send_80211_raw_frame) referenced 2 times from wifi_port.o(.data)
 <LI><a href="#[9e]">worker_task</a> from k_workqueue.o(i.worker_task) referenced from k_workqueue.o(i.krhino_workqueue_create)
</UL>
<P>
<H3>
Global Symbols
</H3>
<P><STRONG><a name="[80]"></a>__main</STRONG> (Thumb, 0 bytes, Stack size unknown bytes, entry.o(.ARM.Collect$$$$00000000))
<BR>[Address Reference Count : 1]<UL><LI> startup_stm32l475xx_armcc.o(.text)
</UL>
<P><STRONG><a name="[53b]"></a>_main_stk</STRONG> (Thumb, 0 bytes, Stack size unknown bytes, entry2.o(.ARM.Collect$$$$00000001))

<P><STRONG><a name="[fd]"></a>_main_scatterload</STRONG> (Thumb, 0 bytes, Stack size unknown bytes, entry5.o(.ARM.Collect$$$$00000004))
<BR><BR>[Calls]<UL><LI><a href="#[fe]">&gt;&gt;</a>&nbsp;&nbsp;&nbsp;__scatterload
</UL>

<P><STRONG><a name="[11b]"></a>__main_after_scatterload</STRONG> (Thumb, 0 bytes, Stack size unknown bytes, entry5.o(.ARM.Collect$$$$00000004))
<BR><BR>[Called By]<UL><LI><a href="#[fe]">&gt;&gt;</a>&nbsp;&nbsp;&nbsp;__scatterload
</UL>

<P><STRONG><a name="[53c]"></a>_main_clock</STRONG> (Thumb, 0 bytes, Stack size unknown bytes, entry7b.o(.ARM.Collect$$$$00000008))

<P><STRONG><a name="[53d]"></a>_main_cpp_init</STRONG> (Thumb, 0 bytes, Stack size unknown bytes, entry8b.o(.ARM.Collect$$$$0000000A))

<P><STRONG><a name="[53e]"></a>_main_init</STRONG> (Thumb, 0 bytes, Stack size unknown bytes, entry9a.o(.ARM.Collect$$$$0000000B))

<P><STRONG><a name="[53f]"></a>__rt_final_cpp</STRONG> (Thumb, 0 bytes, Stack size unknown bytes, entry10a.o(.ARM.Collect$$$$0000000D))

<P><STRONG><a name="[540]"></a>__rt_final_exit</STRONG> (Thumb, 0 bytes, Stack size unknown bytes, entry11a.o(.ARM.Collect$$$$0000000F))

<P><STRONG><a name="[24]"></a>Reset_Handler</STRONG> (Thumb, 8 bytes, Stack size 0 bytes, startup_stm32l475xx_armcc.o(.text))
<BR>[Address Reference Count : 1]<UL><LI> startup_stm32l475xx_armcc.o(RESET)
</UL>
<P><STRONG><a name="[40]"></a>ADC1_2_IRQHandler</STRONG> (Thumb, 0 bytes, Stack size 0 bytes, startup_stm32l475xx_armcc.o(.text))
<BR><BR>[Calls]<UL><LI><a href="#[40]">&gt;&gt;</a>&nbsp;&nbsp;&nbsp;ADC1_2_IRQHandler
</UL>
<BR>[Called By]<UL><LI><a href="#[40]">&gt;&gt;</a>&nbsp;&nbsp;&nbsp;ADC1_2_IRQHandler
</UL>
<BR>[Address Reference Count : 1]<UL><LI> startup_stm32l475xx_armcc.o(RESET)
</UL>
<P><STRONG><a name="[5d]"></a>ADC3_IRQHandler</STRONG> (Thumb, 0 bytes, Stack size 0 bytes, startup_stm32l475xx_armcc.o(.text))
<BR>[Address Reference Count : 1]<UL><LI> startup_stm32l475xx_armcc.o(RESET)
</UL>
<P><STRONG><a name="[42]"></a>CAN1_RX0_IRQHandler</STRONG> (Thumb, 0 bytes, Stack size 0 bytes, startup_stm32l475xx_armcc.o(.text))
<BR>[Address Reference Count : 1]<UL><LI> startup_stm32l475xx_armcc.o(RESET)
</UL>
<P><STRONG><a name="[43]"></a>CAN1_RX1_IRQHandler</STRONG> (Thumb, 0 bytes, Stack size 0 bytes, startup_stm32l475xx_armcc.o(.text))
<BR>[Address Reference Count : 1]<UL><LI> startup_stm32l475xx_armcc.o(RESET)
</UL>
<P><STRONG><a name="[44]"></a>CAN1_SCE_IRQHandler</STRONG> (Thumb, 0 bytes, Stack size 0 bytes, startup_stm32l475xx_armcc.o(.text))
<BR>[Address Reference Count : 1]<UL><LI> startup_stm32l475xx_armcc.o(RESET)
</UL>
<P><STRONG><a name="[41]"></a>CAN1_TX_IRQHandler</STRONG> (Thumb, 0 bytes, Stack size 0 bytes, startup_stm32l475xx_armcc.o(.text))
<BR>[Address Reference Count : 1]<UL><LI> startup_stm32l475xx_armcc.o(RESET)
</UL>
<P><STRONG><a name="[6e]"></a>COMP_IRQHandler</STRONG> (Thumb, 0 bytes, Stack size 0 bytes, startup_stm32l475xx_armcc.o(.text))
<BR>[Address Reference Count : 1]<UL><LI> startup_stm32l475xx_armcc.o(RESET)
</UL>
<P><STRONG><a name="[6b]"></a>DFSDM1_FLT0_IRQHandler</STRONG> (Thumb, 0 bytes, Stack size 0 bytes, startup_stm32l475xx_armcc.o(.text))
<BR>[Address Reference Count : 1]<UL><LI> startup_stm32l475xx_armcc.o(RESET)
</UL>
<P><STRONG><a name="[6c]"></a>DFSDM1_FLT1_IRQHandler</STRONG> (Thumb, 0 bytes, Stack size 0 bytes, startup_stm32l475xx_armcc.o(.text))
<BR>[Address Reference Count : 1]<UL><LI> startup_stm32l475xx_armcc.o(RESET)
</UL>
<P><STRONG><a name="[6d]"></a>DFSDM1_FLT2_IRQHandler</STRONG> (Thumb, 0 bytes, Stack size 0 bytes, startup_stm32l475xx_armcc.o(.text))
<BR>[Address Reference Count : 1]<UL><LI> startup_stm32l475xx_armcc.o(RESET)
</UL>
<P><STRONG><a name="[58]"></a>DFSDM1_FLT3_IRQHandler</STRONG> (Thumb, 0 bytes, Stack size 0 bytes, startup_stm32l475xx_armcc.o(.text))
<BR>[Address Reference Count : 1]<UL><LI> startup_stm32l475xx_armcc.o(RESET)
</UL>
<P><STRONG><a name="[39]"></a>DMA1_Channel1_IRQHandler</STRONG> (Thumb, 0 bytes, Stack size 0 bytes, startup_stm32l475xx_armcc.o(.text))
<BR>[Address Reference Count : 1]<UL><LI> startup_stm32l475xx_armcc.o(RESET)
</UL>
<P><STRONG><a name="[3a]"></a>DMA1_Channel2_IRQHandler</STRONG> (Thumb, 0 bytes, Stack size 0 bytes, startup_stm32l475xx_armcc.o(.text))
<BR>[Address Reference Count : 1]<UL><LI> startup_stm32l475xx_armcc.o(RESET)
</UL>
<P><STRONG><a name="[3b]"></a>DMA1_Channel3_IRQHandler</STRONG> (Thumb, 0 bytes, Stack size 0 bytes, startup_stm32l475xx_armcc.o(.text))
<BR>[Address Reference Count : 1]<UL><LI> startup_stm32l475xx_armcc.o(RESET)
</UL>
<P><STRONG><a name="[3c]"></a>DMA1_Channel4_IRQHandler</STRONG> (Thumb, 0 bytes, Stack size 0 bytes, startup_stm32l475xx_armcc.o(.text))
<BR>[Address Reference Count : 1]<UL><LI> startup_stm32l475xx_armcc.o(RESET)
</UL>
<P><STRONG><a name="[3d]"></a>DMA1_Channel5_IRQHandler</STRONG> (Thumb, 0 bytes, Stack size 0 bytes, startup_stm32l475xx_armcc.o(.text))
<BR>[Address Reference Count : 1]<UL><LI> startup_stm32l475xx_armcc.o(RESET)
</UL>
<P><STRONG><a name="[3e]"></a>DMA1_Channel6_IRQHandler</STRONG> (Thumb, 0 bytes, Stack size 0 bytes, startup_stm32l475xx_armcc.o(.text))
<BR>[Address Reference Count : 1]<UL><LI> startup_stm32l475xx_armcc.o(RESET)
</UL>
<P><STRONG><a name="[3f]"></a>DMA1_Channel7_IRQHandler</STRONG> (Thumb, 0 bytes, Stack size 0 bytes, startup_stm32l475xx_armcc.o(.text))
<BR>[Address Reference Count : 1]<UL><LI> startup_stm32l475xx_armcc.o(RESET)
</UL>
<P><STRONG><a name="[66]"></a>DMA2_Channel1_IRQHandler</STRONG> (Thumb, 0 bytes, Stack size 0 bytes, startup_stm32l475xx_armcc.o(.text))
<BR>[Address Reference Count : 1]<UL><LI> startup_stm32l475xx_armcc.o(RESET)
</UL>
<P><STRONG><a name="[67]"></a>DMA2_Channel2_IRQHandler</STRONG> (Thumb, 0 bytes, Stack size 0 bytes, startup_stm32l475xx_armcc.o(.text))
<BR>[Address Reference Count : 1]<UL><LI> startup_stm32l475xx_armcc.o(RESET)
</UL>
<P><STRONG><a name="[68]"></a>DMA2_Channel3_IRQHandler</STRONG> (Thumb, 0 bytes, Stack size 0 bytes, startup_stm32l475xx_armcc.o(.text))
<BR>[Address Reference Count : 1]<UL><LI> startup_stm32l475xx_armcc.o(RESET)
</UL>
<P><STRONG><a name="[69]"></a>DMA2_Channel4_IRQHandler</STRONG> (Thumb, 0 bytes, Stack size 0 bytes, startup_stm32l475xx_armcc.o(.text))
<BR>[Address Reference Count : 1]<UL><LI> startup_stm32l475xx_armcc.o(RESET)
</UL>
<P><STRONG><a name="[6a]"></a>DMA2_Channel5_IRQHandler</STRONG> (Thumb, 0 bytes, Stack size 0 bytes, startup_stm32l475xx_armcc.o(.text))
<BR>[Address Reference Count : 1]<UL><LI> startup_stm32l475xx_armcc.o(RESET)
</UL>
<P><STRONG><a name="[72]"></a>DMA2_Channel6_IRQHandler</STRONG> (Thumb, 0 bytes, Stack size 0 bytes, startup_stm32l475xx_armcc.o(.text))
<BR>[Address Reference Count : 1]<UL><LI> startup_stm32l475xx_armcc.o(RESET)
</UL>
<P><STRONG><a name="[73]"></a>DMA2_Channel7_IRQHandler</STRONG> (Thumb, 0 bytes, Stack size 0 bytes, startup_stm32l475xx_armcc.o(.text))
<BR>[Address Reference Count : 1]<UL><LI> startup_stm32l475xx_armcc.o(RESET)
</UL>
<P><STRONG><a name="[34]"></a>EXTI0_IRQHandler</STRONG> (Thumb, 0 bytes, Stack size 0 bytes, startup_stm32l475xx_armcc.o(.text))
<BR>[Address Reference Count : 1]<UL><LI> startup_stm32l475xx_armcc.o(RESET)
</UL>
<P><STRONG><a name="[35]"></a>EXTI1_IRQHandler</STRONG> (Thumb, 0 bytes, Stack size 0 bytes, startup_stm32l475xx_armcc.o(.text))
<BR>[Address Reference Count : 1]<UL><LI> startup_stm32l475xx_armcc.o(RESET)
</UL>
<P><STRONG><a name="[36]"></a>EXTI2_IRQHandler</STRONG> (Thumb, 0 bytes, Stack size 0 bytes, startup_stm32l475xx_armcc.o(.text))
<BR>[Address Reference Count : 1]<UL><LI> startup_stm32l475xx_armcc.o(RESET)
</UL>
<P><STRONG><a name="[37]"></a>EXTI3_IRQHandler</STRONG> (Thumb, 0 bytes, Stack size 0 bytes, startup_stm32l475xx_armcc.o(.text))
<BR>[Address Reference Count : 1]<UL><LI> startup_stm32l475xx_armcc.o(RESET)
</UL>
<P><STRONG><a name="[38]"></a>EXTI4_IRQHandler</STRONG> (Thumb, 0 bytes, Stack size 0 bytes, startup_stm32l475xx_armcc.o(.text))
<BR>[Address Reference Count : 1]<UL><LI> startup_stm32l475xx_armcc.o(RESET)
</UL>
<P><STRONG><a name="[45]"></a>EXTI9_5_IRQHandler</STRONG> (Thumb, 0 bytes, Stack size 0 bytes, startup_stm32l475xx_armcc.o(.text))
<BR>[Address Reference Count : 1]<UL><LI> startup_stm32l475xx_armcc.o(RESET)
</UL>
<P><STRONG><a name="[32]"></a>FLASH_IRQHandler</STRONG> (Thumb, 0 bytes, Stack size 0 bytes, startup_stm32l475xx_armcc.o(.text))
<BR>[Address Reference Count : 1]<UL><LI> startup_stm32l475xx_armcc.o(RESET)
</UL>
<P><STRONG><a name="[5e]"></a>FMC_IRQHandler</STRONG> (Thumb, 0 bytes, Stack size 0 bytes, startup_stm32l475xx_armcc.o(.text))
<BR>[Address Reference Count : 1]<UL><LI> startup_stm32l475xx_armcc.o(RESET)
</UL>
<P><STRONG><a name="[7d]"></a>FPU_IRQHandler</STRONG> (Thumb, 0 bytes, Stack size 0 bytes, startup_stm32l475xx_armcc.o(.text))
<BR>[Address Reference Count : 1]<UL><LI> startup_stm32l475xx_armcc.o(RESET)
</UL>
<P><STRONG><a name="[4e]"></a>I2C1_ER_IRQHandler</STRONG> (Thumb, 0 bytes, Stack size 0 bytes, startup_stm32l475xx_armcc.o(.text))
<BR>[Address Reference Count : 1]<UL><LI> startup_stm32l475xx_armcc.o(RESET)
</UL>
<P><STRONG><a name="[4d]"></a>I2C1_EV_IRQHandler</STRONG> (Thumb, 0 bytes, Stack size 0 bytes, startup_stm32l475xx_armcc.o(.text))
<BR>[Address Reference Count : 1]<UL><LI> startup_stm32l475xx_armcc.o(RESET)
</UL>
<P><STRONG><a name="[50]"></a>I2C2_ER_IRQHandler</STRONG> (Thumb, 0 bytes, Stack size 0 bytes, startup_stm32l475xx_armcc.o(.text))
<BR>[Address Reference Count : 1]<UL><LI> startup_stm32l475xx_armcc.o(RESET)
</UL>
<P><STRONG><a name="[4f]"></a>I2C2_EV_IRQHandler</STRONG> (Thumb, 0 bytes, Stack size 0 bytes, startup_stm32l475xx_armcc.o(.text))
<BR>[Address Reference Count : 1]<UL><LI> startup_stm32l475xx_armcc.o(RESET)
</UL>
<P><STRONG><a name="[77]"></a>I2C3_ER_IRQHandler</STRONG> (Thumb, 0 bytes, Stack size 0 bytes, startup_stm32l475xx_armcc.o(.text))
<BR>[Address Reference Count : 1]<UL><LI> startup_stm32l475xx_armcc.o(RESET)
</UL>
<P><STRONG><a name="[76]"></a>I2C3_EV_IRQHandler</STRONG> (Thumb, 0 bytes, Stack size 0 bytes, startup_stm32l475xx_armcc.o(.text))
<BR>[Address Reference Count : 1]<UL><LI> startup_stm32l475xx_armcc.o(RESET)
</UL>
<P><STRONG><a name="[6f]"></a>LPTIM1_IRQHandler</STRONG> (Thumb, 0 bytes, Stack size 0 bytes, startup_stm32l475xx_armcc.o(.text))
<BR>[Address Reference Count : 1]<UL><LI> startup_stm32l475xx_armcc.o(RESET)
</UL>
<P><STRONG><a name="[70]"></a>LPTIM2_IRQHandler</STRONG> (Thumb, 0 bytes, Stack size 0 bytes, startup_stm32l475xx_armcc.o(.text))
<BR>[Address Reference Count : 1]<UL><LI> startup_stm32l475xx_armcc.o(RESET)
</UL>
<P><STRONG><a name="[74]"></a>LPUART1_IRQHandler</STRONG> (Thumb, 0 bytes, Stack size 0 bytes, startup_stm32l475xx_armcc.o(.text))
<BR>[Address Reference Count : 1]<UL><LI> startup_stm32l475xx_armcc.o(RESET)
</UL>
<P><STRONG><a name="[71]"></a>OTG_FS_IRQHandler</STRONG> (Thumb, 0 bytes, Stack size 0 bytes, startup_stm32l475xx_armcc.o(.text))
<BR>[Address Reference Count : 1]<UL><LI> startup_stm32l475xx_armcc.o(RESET)
</UL>
<P><STRONG><a name="[2f]"></a>PVD_PVM_IRQHandler</STRONG> (Thumb, 0 bytes, Stack size 0 bytes, startup_stm32l475xx_armcc.o(.text))
<BR>[Address Reference Count : 1]<UL><LI> startup_stm32l475xx_armcc.o(RESET)
</UL>
<P><STRONG><a name="[75]"></a>QUADSPI_IRQHandler</STRONG> (Thumb, 0 bytes, Stack size 0 bytes, startup_stm32l475xx_armcc.o(.text))
<BR>[Address Reference Count : 1]<UL><LI> startup_stm32l475xx_armcc.o(RESET)
</UL>
<P><STRONG><a name="[33]"></a>RCC_IRQHandler</STRONG> (Thumb, 0 bytes, Stack size 0 bytes, startup_stm32l475xx_armcc.o(.text))
<BR>[Address Reference Count : 1]<UL><LI> startup_stm32l475xx_armcc.o(RESET)
</UL>
<P><STRONG><a name="[7c]"></a>RNG_IRQHandler</STRONG> (Thumb, 0 bytes, Stack size 0 bytes, startup_stm32l475xx_armcc.o(.text))
<BR>[Address Reference Count : 1]<UL><LI> startup_stm32l475xx_armcc.o(RESET)
</UL>
<P><STRONG><a name="[57]"></a>RTC_Alarm_IRQHandler</STRONG> (Thumb, 0 bytes, Stack size 0 bytes, startup_stm32l475xx_armcc.o(.text))
<BR>[Address Reference Count : 1]<UL><LI> startup_stm32l475xx_armcc.o(RESET)
</UL>
<P><STRONG><a name="[31]"></a>RTC_WKUP_IRQHandler</STRONG> (Thumb, 0 bytes, Stack size 0 bytes, startup_stm32l475xx_armcc.o(.text))
<BR>[Address Reference Count : 1]<UL><LI> startup_stm32l475xx_armcc.o(RESET)
</UL>
<P><STRONG><a name="[78]"></a>SAI1_IRQHandler</STRONG> (Thumb, 0 bytes, Stack size 0 bytes, startup_stm32l475xx_armcc.o(.text))
<BR>[Address Reference Count : 1]<UL><LI> startup_stm32l475xx_armcc.o(RESET)
</UL>
<P><STRONG><a name="[79]"></a>SAI2_IRQHandler</STRONG> (Thumb, 0 bytes, Stack size 0 bytes, startup_stm32l475xx_armcc.o(.text))
<BR>[Address Reference Count : 1]<UL><LI> startup_stm32l475xx_armcc.o(RESET)
</UL>
<P><STRONG><a name="[5f]"></a>SDMMC1_IRQHandler</STRONG> (Thumb, 0 bytes, Stack size 0 bytes, startup_stm32l475xx_armcc.o(.text))
<BR>[Address Reference Count : 1]<UL><LI> startup_stm32l475xx_armcc.o(RESET)
</UL>
<P><STRONG><a name="[51]"></a>SPI1_IRQHandler</STRONG> (Thumb, 0 bytes, Stack size 0 bytes, startup_stm32l475xx_armcc.o(.text))
<BR>[Address Reference Count : 1]<UL><LI> startup_stm32l475xx_armcc.o(RESET)
</UL>
<P><STRONG><a name="[52]"></a>SPI2_IRQHandler</STRONG> (Thumb, 0 bytes, Stack size 0 bytes, startup_stm32l475xx_armcc.o(.text))
<BR>[Address Reference Count : 1]<UL><LI> startup_stm32l475xx_armcc.o(RESET)
</UL>
<P><STRONG><a name="[61]"></a>SPI3_IRQHandler</STRONG> (Thumb, 0 bytes, Stack size 0 bytes, startup_stm32l475xx_armcc.o(.text))
<BR>[Address Reference Count : 1]<UL><LI> startup_stm32l475xx_armcc.o(RESET)
</UL>
<P><STRONG><a name="[7a]"></a>SWPMI1_IRQHandler</STRONG> (Thumb, 0 bytes, Stack size 0 bytes, startup_stm32l475xx_armcc.o(.text))
<BR>[Address Reference Count : 1]<UL><LI> startup_stm32l475xx_armcc.o(RESET)
</UL>
<P><STRONG><a name="[30]"></a>TAMP_STAMP_IRQHandler</STRONG> (Thumb, 0 bytes, Stack size 0 bytes, startup_stm32l475xx_armcc.o(.text))
<BR>[Address Reference Count : 1]<UL><LI> startup_stm32l475xx_armcc.o(RESET)
</UL>
<P><STRONG><a name="[46]"></a>TIM1_BRK_TIM15_IRQHandler</STRONG> (Thumb, 0 bytes, Stack size 0 bytes, startup_stm32l475xx_armcc.o(.text))
<BR>[Address Reference Count : 1]<UL><LI> startup_stm32l475xx_armcc.o(RESET)
</UL>
<P><STRONG><a name="[49]"></a>TIM1_CC_IRQHandler</STRONG> (Thumb, 0 bytes, Stack size 0 bytes, startup_stm32l475xx_armcc.o(.text))
<BR>[Address Reference Count : 1]<UL><LI> startup_stm32l475xx_armcc.o(RESET)
</UL>
<P><STRONG><a name="[48]"></a>TIM1_TRG_COM_TIM17_IRQHandler</STRONG> (Thumb, 0 bytes, Stack size 0 bytes, startup_stm32l475xx_armcc.o(.text))
<BR>[Address Reference Count : 1]<UL><LI> startup_stm32l475xx_armcc.o(RESET)
</UL>
<P><STRONG><a name="[47]"></a>TIM1_UP_TIM16_IRQHandler</STRONG> (Thumb, 0 bytes, Stack size 0 bytes, startup_stm32l475xx_armcc.o(.text))
<BR>[Address Reference Count : 1]<UL><LI> startup_stm32l475xx_armcc.o(RESET)
</UL>
<P><STRONG><a name="[4a]"></a>TIM2_IRQHandler</STRONG> (Thumb, 0 bytes, Stack size 0 bytes, startup_stm32l475xx_armcc.o(.text))
<BR>[Address Reference Count : 1]<UL><LI> startup_stm32l475xx_armcc.o(RESET)
</UL>
<P><STRONG><a name="[4b]"></a>TIM3_IRQHandler</STRONG> (Thumb, 0 bytes, Stack size 0 bytes, startup_stm32l475xx_armcc.o(.text))
<BR>[Address Reference Count : 1]<UL><LI> startup_stm32l475xx_armcc.o(RESET)
</UL>
<P><STRONG><a name="[4c]"></a>TIM4_IRQHandler</STRONG> (Thumb, 0 bytes, Stack size 0 bytes, startup_stm32l475xx_armcc.o(.text))
<BR>[Address Reference Count : 1]<UL><LI> startup_stm32l475xx_armcc.o(RESET)
</UL>
<P><STRONG><a name="[60]"></a>TIM5_IRQHandler</STRONG> (Thumb, 0 bytes, Stack size 0 bytes, startup_stm32l475xx_armcc.o(.text))
<BR>[Address Reference Count : 1]<UL><LI> startup_stm32l475xx_armcc.o(RESET)
</UL>
<P><STRONG><a name="[64]"></a>TIM6_DAC_IRQHandler</STRONG> (Thumb, 0 bytes, Stack size 0 bytes, startup_stm32l475xx_armcc.o(.text))
<BR>[Address Reference Count : 1]<UL><LI> startup_stm32l475xx_armcc.o(RESET)
</UL>
<P><STRONG><a name="[65]"></a>TIM7_IRQHandler</STRONG> (Thumb, 0 bytes, Stack size 0 bytes, startup_stm32l475xx_armcc.o(.text))
<BR>[Address Reference Count : 1]<UL><LI> startup_stm32l475xx_armcc.o(RESET)
</UL>
<P><STRONG><a name="[59]"></a>TIM8_BRK_IRQHandler</STRONG> (Thumb, 0 bytes, Stack size 0 bytes, startup_stm32l475xx_armcc.o(.text))
<BR>[Address Reference Count : 1]<UL><LI> startup_stm32l475xx_armcc.o(RESET)
</UL>
<P><STRONG><a name="[5c]"></a>TIM8_CC_IRQHandler</STRONG> (Thumb, 0 bytes, Stack size 0 bytes, startup_stm32l475xx_armcc.o(.text))
<BR>[Address Reference Count : 1]<UL><LI> startup_stm32l475xx_armcc.o(RESET)
</UL>
<P><STRONG><a name="[5b]"></a>TIM8_TRG_COM_IRQHandler</STRONG> (Thumb, 0 bytes, Stack size 0 bytes, startup_stm32l475xx_armcc.o(.text))
<BR>[Address Reference Count : 1]<UL><LI> startup_stm32l475xx_armcc.o(RESET)
</UL>
<P><STRONG><a name="[5a]"></a>TIM8_UP_IRQHandler</STRONG> (Thumb, 0 bytes, Stack size 0 bytes, startup_stm32l475xx_armcc.o(.text))
<BR>[Address Reference Count : 1]<UL><LI> startup_stm32l475xx_armcc.o(RESET)
</UL>
<P><STRONG><a name="[7b]"></a>TSC_IRQHandler</STRONG> (Thumb, 0 bytes, Stack size 0 bytes, startup_stm32l475xx_armcc.o(.text))
<BR>[Address Reference Count : 1]<UL><LI> startup_stm32l475xx_armcc.o(RESET)
</UL>
<P><STRONG><a name="[63]"></a>UART5_IRQHandler</STRONG> (Thumb, 0 bytes, Stack size 0 bytes, startup_stm32l475xx_armcc.o(.text))
<BR>[Address Reference Count : 1]<UL><LI> startup_stm32l475xx_armcc.o(RESET)
</UL>
<P><STRONG><a name="[53]"></a>USART1_IRQHandler</STRONG> (Thumb, 0 bytes, Stack size 0 bytes, startup_stm32l475xx_armcc.o(.text))
<BR>[Address Reference Count : 1]<UL><LI> startup_stm32l475xx_armcc.o(RESET)
</UL>
<P><STRONG><a name="[2e]"></a>WWDG_IRQHandler</STRONG> (Thumb, 0 bytes, Stack size 0 bytes, startup_stm32l475xx_armcc.o(.text))
<BR>[Address Reference Count : 1]<UL><LI> startup_stm32l475xx_armcc.o(RESET)
</UL>
<P><STRONG><a name="[32a]"></a>cpu_intrpt_save</STRONG> (Thumb, 0 bytes, Stack size unknown bytes, port_c_1.o(.text))
<BR><BR>[Called By]<UL><LI><a href="#[3d7]">&gt;&gt;</a>&nbsp;&nbsp;&nbsp;task_resume
<LI><a href="#[338]">&gt;&gt;</a>&nbsp;&nbsp;&nbsp;krhino_task_stack_cur_free
<LI><a href="#[2e0]">&gt;&gt;</a>&nbsp;&nbsp;&nbsp;krhino_task_sleep
<LI><a href="#[306]">&gt;&gt;</a>&nbsp;&nbsp;&nbsp;krhino_task_info_set
<LI><a href="#[301]">&gt;&gt;</a>&nbsp;&nbsp;&nbsp;krhino_task_dyn_del
<LI><a href="#[3ce]">&gt;&gt;</a>&nbsp;&nbsp;&nbsp;krhino_task_del
<LI><a href="#[3cd]">&gt;&gt;</a>&nbsp;&nbsp;&nbsp;task_create
<LI><a href="#[2fa]">&gt;&gt;</a>&nbsp;&nbsp;&nbsp;krhino_sem_del
<LI><a href="#[3c9]">&gt;&gt;</a>&nbsp;&nbsp;&nbsp;sem_give
<LI><a href="#[3c6]">&gt;&gt;</a>&nbsp;&nbsp;&nbsp;sem_create
<LI><a href="#[3db]">&gt;&gt;</a>&nbsp;&nbsp;&nbsp;time_slice_update
<LI><a href="#[3c3]">&gt;&gt;</a>&nbsp;&nbsp;&nbsp;queue_create
<LI><a href="#[3c4]">&gt;&gt;</a>&nbsp;&nbsp;&nbsp;krhino_queue_recv
<LI><a href="#[3dc]">&gt;&gt;</a>&nbsp;&nbsp;&nbsp;krhino_workqueue_create
<LI><a href="#[3dd]">&gt;&gt;</a>&nbsp;&nbsp;&nbsp;workqueue_is_exist
<LI><a href="#[9e]">&gt;&gt;</a>&nbsp;&nbsp;&nbsp;worker_task
<LI><a href="#[3da]">&gt;&gt;</a>&nbsp;&nbsp;&nbsp;tick_list_update
<LI><a href="#[224]">&gt;&gt;</a>&nbsp;&nbsp;&nbsp;krhino_intrpt_exit
<LI><a href="#[222]">&gt;&gt;</a>&nbsp;&nbsp;&nbsp;krhino_intrpt_enter
<LI><a href="#[302]">&gt;&gt;</a>&nbsp;&nbsp;&nbsp;krhino_cur_task_get
<LI><a href="#[23e]">&gt;&gt;</a>&nbsp;&nbsp;&nbsp;krhino_sched_enable
<LI><a href="#[23d]">&gt;&gt;</a>&nbsp;&nbsp;&nbsp;krhino_sched_disable
<LI><a href="#[3b9]">&gt;&gt;</a>&nbsp;&nbsp;&nbsp;mutex_create
<LI><a href="#[2e4]">&gt;&gt;</a>&nbsp;&nbsp;&nbsp;krhino_mutex_unlock
<LI><a href="#[2e2]">&gt;&gt;</a>&nbsp;&nbsp;&nbsp;krhino_mutex_lock
<LI><a href="#[2e1]">&gt;&gt;</a>&nbsp;&nbsp;&nbsp;krhino_mutex_del
<LI><a href="#[3b7]">&gt;&gt;</a>&nbsp;&nbsp;&nbsp;krhino_mblk_pool_init
<LI><a href="#[3af]">&gt;&gt;</a>&nbsp;&nbsp;&nbsp;krhino_mblk_free
<LI><a href="#[3ae]">&gt;&gt;</a>&nbsp;&nbsp;&nbsp;krhino_mblk_alloc
<LI><a href="#[2de]">&gt;&gt;</a>&nbsp;&nbsp;&nbsp;krhino_owner_attach
<LI><a href="#[3ac]">&gt;&gt;</a>&nbsp;&nbsp;&nbsp;krhino_init_mm_head
<LI><a href="#[3ad]">&gt;&gt;</a>&nbsp;&nbsp;&nbsp;krhino_add_mm_region
<LI><a href="#[3a8]">&gt;&gt;</a>&nbsp;&nbsp;&nbsp;k_mm_free
<LI><a href="#[3a6]">&gt;&gt;</a>&nbsp;&nbsp;&nbsp;k_mm_alloc
<LI><a href="#[9d]">&gt;&gt;</a>&nbsp;&nbsp;&nbsp;idle_task
<LI><a href="#[2fe]">&gt;&gt;</a>&nbsp;&nbsp;&nbsp;krhino_sem_take
<LI><a href="#[95]">&gt;&gt;</a>&nbsp;&nbsp;&nbsp;dyn_mem_proc_task
<LI><a href="#[329]">&gt;&gt;</a>&nbsp;&nbsp;&nbsp;core_sched
</UL>

<P><STRONG><a name="[32b]"></a>cpu_intrpt_restore</STRONG> (Thumb, 0 bytes, Stack size unknown bytes, port_c_1.o(.text))
<BR><BR>[Called By]<UL><LI><a href="#[3d7]">&gt;&gt;</a>&nbsp;&nbsp;&nbsp;task_resume
<LI><a href="#[338]">&gt;&gt;</a>&nbsp;&nbsp;&nbsp;krhino_task_stack_cur_free
<LI><a href="#[2e0]">&gt;&gt;</a>&nbsp;&nbsp;&nbsp;krhino_task_sleep
<LI><a href="#[306]">&gt;&gt;</a>&nbsp;&nbsp;&nbsp;krhino_task_info_set
<LI><a href="#[301]">&gt;&gt;</a>&nbsp;&nbsp;&nbsp;krhino_task_dyn_del
<LI><a href="#[3ce]">&gt;&gt;</a>&nbsp;&nbsp;&nbsp;krhino_task_del
<LI><a href="#[3cd]">&gt;&gt;</a>&nbsp;&nbsp;&nbsp;task_create
<LI><a href="#[2fa]">&gt;&gt;</a>&nbsp;&nbsp;&nbsp;krhino_sem_del
<LI><a href="#[3c9]">&gt;&gt;</a>&nbsp;&nbsp;&nbsp;sem_give
<LI><a href="#[3c6]">&gt;&gt;</a>&nbsp;&nbsp;&nbsp;sem_create
<LI><a href="#[3db]">&gt;&gt;</a>&nbsp;&nbsp;&nbsp;time_slice_update
<LI><a href="#[3c3]">&gt;&gt;</a>&nbsp;&nbsp;&nbsp;queue_create
<LI><a href="#[3c4]">&gt;&gt;</a>&nbsp;&nbsp;&nbsp;krhino_queue_recv
<LI><a href="#[3dc]">&gt;&gt;</a>&nbsp;&nbsp;&nbsp;krhino_workqueue_create
<LI><a href="#[3dd]">&gt;&gt;</a>&nbsp;&nbsp;&nbsp;workqueue_is_exist
<LI><a href="#[9e]">&gt;&gt;</a>&nbsp;&nbsp;&nbsp;worker_task
<LI><a href="#[3da]">&gt;&gt;</a>&nbsp;&nbsp;&nbsp;tick_list_update
<LI><a href="#[224]">&gt;&gt;</a>&nbsp;&nbsp;&nbsp;krhino_intrpt_exit
<LI><a href="#[222]">&gt;&gt;</a>&nbsp;&nbsp;&nbsp;krhino_intrpt_enter
<LI><a href="#[302]">&gt;&gt;</a>&nbsp;&nbsp;&nbsp;krhino_cur_task_get
<LI><a href="#[23e]">&gt;&gt;</a>&nbsp;&nbsp;&nbsp;krhino_sched_enable
<LI><a href="#[23d]">&gt;&gt;</a>&nbsp;&nbsp;&nbsp;krhino_sched_disable
<LI><a href="#[3b9]">&gt;&gt;</a>&nbsp;&nbsp;&nbsp;mutex_create
<LI><a href="#[2e4]">&gt;&gt;</a>&nbsp;&nbsp;&nbsp;krhino_mutex_unlock
<LI><a href="#[2e2]">&gt;&gt;</a>&nbsp;&nbsp;&nbsp;krhino_mutex_lock
<LI><a href="#[2e1]">&gt;&gt;</a>&nbsp;&nbsp;&nbsp;krhino_mutex_del
<LI><a href="#[3b7]">&gt;&gt;</a>&nbsp;&nbsp;&nbsp;krhino_mblk_pool_init
<LI><a href="#[3af]">&gt;&gt;</a>&nbsp;&nbsp;&nbsp;krhino_mblk_free
<LI><a href="#[3ae]">&gt;&gt;</a>&nbsp;&nbsp;&nbsp;krhino_mblk_alloc
<LI><a href="#[2de]">&gt;&gt;</a>&nbsp;&nbsp;&nbsp;krhino_owner_attach
<LI><a href="#[3ac]">&gt;&gt;</a>&nbsp;&nbsp;&nbsp;krhino_init_mm_head
<LI><a href="#[3ad]">&gt;&gt;</a>&nbsp;&nbsp;&nbsp;krhino_add_mm_region
<LI><a href="#[3a8]">&gt;&gt;</a>&nbsp;&nbsp;&nbsp;k_mm_free
<LI><a href="#[3a6]">&gt;&gt;</a>&nbsp;&nbsp;&nbsp;k_mm_alloc
<LI><a href="#[9d]">&gt;&gt;</a>&nbsp;&nbsp;&nbsp;idle_task
<LI><a href="#[2fe]">&gt;&gt;</a>&nbsp;&nbsp;&nbsp;krhino_sem_take
<LI><a href="#[95]">&gt;&gt;</a>&nbsp;&nbsp;&nbsp;dyn_mem_proc_task
<LI><a href="#[329]">&gt;&gt;</a>&nbsp;&nbsp;&nbsp;core_sched
</UL>

<P><STRONG><a name="[3cb]"></a>cpu_first_task_start</STRONG> (Thumb, 0 bytes, Stack size unknown bytes, port_c_1.o(.text))
<BR><BR>[Called By]<UL><LI><a href="#[300]">&gt;&gt;</a>&nbsp;&nbsp;&nbsp;krhino_start
</UL>

<P><STRONG><a name="[32d]"></a>cpu_task_switch</STRONG> (Thumb, 0 bytes, Stack size unknown bytes, port_c_1.o(.text))
<BR><BR>[Called By]<UL><LI><a href="#[329]">&gt;&gt;</a>&nbsp;&nbsp;&nbsp;core_sched
</UL>

<P><STRONG><a name="[3b8]"></a>cpu_intrpt_switch</STRONG> (Thumb, 0 bytes, Stack size unknown bytes, port_c_1.o(.text))
<BR><BR>[Called By]<UL><LI><a href="#[224]">&gt;&gt;</a>&nbsp;&nbsp;&nbsp;krhino_intrpt_exit
</UL>

<P><STRONG><a name="[2c]"></a>PendSV_Handler</STRONG> (Thumb, 0 bytes, Stack size unknown bytes, port_c_1.o(.text))
<BR><BR>[Stack]<UL><LI>Max Depth = 16 + Unknown Stack Size
<LI>Call Chain = PendSV_Handler &rArr; krhino_stack_ovf_check &rArr; k_err_proc
</UL>
<BR>[Calls]<UL><LI><a href="#[ff]">&gt;&gt;</a>&nbsp;&nbsp;&nbsp;krhino_stack_ovf_check
</UL>
<BR>[Address Reference Count : 1]<UL><LI> startup_stm32l475xx_armcc.o(RESET)
</UL>
<P><STRONG><a name="[100]"></a>__aeabi_uldivmod</STRONG> (Thumb, 98 bytes, Stack size 40 bytes, uldiv.o(.text))
<BR><BR>[Stack]<UL><LI>Max Depth = 40<LI>Call Chain = __aeabi_uldivmod
</UL>
<BR>[Calls]<UL><LI><a href="#[102]">&gt;&gt;</a>&nbsp;&nbsp;&nbsp;__aeabi_llsl
<LI><a href="#[101]">&gt;&gt;</a>&nbsp;&nbsp;&nbsp;__aeabi_llsr
</UL>
<BR>[Called By]<UL><LI><a href="#[2e5]">&gt;&gt;</a>&nbsp;&nbsp;&nbsp;krhino_sys_time_get
<LI><a href="#[2df]">&gt;&gt;</a>&nbsp;&nbsp;&nbsp;krhino_ms_to_ticks
<LI><a href="#[1a0]">&gt;&gt;</a>&nbsp;&nbsp;&nbsp;UART_SetConfig
<LI><a href="#[40c]">&gt;&gt;</a>&nbsp;&nbsp;&nbsp;mbedtls_mpi_div_mpi
<LI><a href="#[246]">&gt;&gt;</a>&nbsp;&nbsp;&nbsp;_printf_core
<LI><a href="#[274]">&gt;&gt;</a>&nbsp;&nbsp;&nbsp;_fp_digits
</UL>

<P><STRONG><a name="[102]"></a>__aeabi_llsl</STRONG> (Thumb, 30 bytes, Stack size 0 bytes, llshl.o(.text))
<BR><BR>[Called By]<UL><LI><a href="#[10d]">&gt;&gt;</a>&nbsp;&nbsp;&nbsp;__aeabi_dadd
<LI><a href="#[461]">&gt;&gt;</a>&nbsp;&nbsp;&nbsp;mbedtls_ssl_dtls_replay_update
<LI><a href="#[45f]">&gt;&gt;</a>&nbsp;&nbsp;&nbsp;mbedtls_ssl_dtls_replay_check
<LI><a href="#[100]">&gt;&gt;</a>&nbsp;&nbsp;&nbsp;__aeabi_uldivmod
<LI><a href="#[10f]">&gt;&gt;</a>&nbsp;&nbsp;&nbsp;_double_epilogue
<LI><a href="#[11a]">&gt;&gt;</a>&nbsp;&nbsp;&nbsp;__aeabi_d2ulz
</UL>

<P><STRONG><a name="[541]"></a>_ll_shift_l</STRONG> (Thumb, 0 bytes, Stack size 0 bytes, llshl.o(.text), UNUSED)

<P><STRONG><a name="[314]"></a>tolower</STRONG> (Thumb, 12 bytes, Stack size 0 bytes, tolower.o(.text))
<BR><BR>[Called By]<UL><LI><a href="#[30f]">&gt;&gt;</a>&nbsp;&nbsp;&nbsp;cJSON_strcasecmp
</UL>

<P><STRONG><a name="[26c]"></a>rand</STRONG> (Thumb, 20 bytes, Stack size 0 bytes, rand.o(.text))
<BR><BR>[Called By]<UL><LI><a href="#[26b]">&gt;&gt;</a>&nbsp;&nbsp;&nbsp;_avRandom
</UL>

<P><STRONG><a name="[542]"></a>srand</STRONG> (Thumb, 6 bytes, Stack size 0 bytes, rand.o(.text), UNUSED)

<P><STRONG><a name="[543]"></a>____aeabi_memcpy8$ret$move</STRONG> (Thumb, 0 bytes, Stack size 8 bytes, memmove.o(.text), UNUSED)

<P><STRONG><a name="[544]"></a>___aeabi_memmove8$ret</STRONG> (Thumb, 0 bytes, Stack size 8 bytes, memmove.o(.text), UNUSED)

<P><STRONG><a name="[146]"></a>__aeabi_memcpy</STRONG> (Thumb, 66 bytes, Stack size 8 bytes, memmove.o(.text))
<BR><BR>[Stack]<UL><LI>Max Depth = 8<LI>Call Chain = __aeabi_memcpy
</UL>
<BR>[Called By]<UL><LI><a href="#[1e2]">&gt;&gt;</a>&nbsp;&nbsp;&nbsp;UART_WIFI_SendData
<LI><a href="#[1df]">&gt;&gt;</a>&nbsp;&nbsp;&nbsp;UART_WIFI_ReceiveData
<LI><a href="#[120]">&gt;&gt;</a>&nbsp;&nbsp;&nbsp;UART_WIFI_Cmd
<LI><a href="#[508]">&gt;&gt;</a>&nbsp;&nbsp;&nbsp;ringbuf_headlen_decompress
<LI><a href="#[2d5]">&gt;&gt;</a>&nbsp;&nbsp;&nbsp;kv_item_store
<LI><a href="#[9f]">&gt;&gt;</a>&nbsp;&nbsp;&nbsp;timer_task
<LI><a href="#[243]">&gt;&gt;</a>&nbsp;&nbsp;&nbsp;WIFI_GetModuleName
<LI><a href="#[145]">&gt;&gt;</a>&nbsp;&nbsp;&nbsp;FLASH_update
<LI><a href="#[2cf]">&gt;&gt;</a>&nbsp;&nbsp;&nbsp;aos_kv_get
<LI><a href="#[3c5]">&gt;&gt;</a>&nbsp;&nbsp;&nbsp;ringbuf_pop
<LI><a href="#[383]">&gt;&gt;</a>&nbsp;&nbsp;&nbsp;inode_set_name
<LI><a href="#[bc]">&gt;&gt;</a>&nbsp;&nbsp;&nbsp;event_read
<LI><a href="#[26f]">&gt;&gt;</a>&nbsp;&nbsp;&nbsp;_event_write
<LI><a href="#[213]">&gt;&gt;</a>&nbsp;&nbsp;&nbsp;writeMQTTString
<LI><a href="#[212]">&gt;&gt;</a>&nbsp;&nbsp;&nbsp;writeCString
<LI><a href="#[20b]">&gt;&gt;</a>&nbsp;&nbsp;&nbsp;MQTTSerialize_publish
<LI><a href="#[21c]">&gt;&gt;</a>&nbsp;&nbsp;&nbsp;iotx_mc_push_subInfo_to
<LI><a href="#[20c]">&gt;&gt;</a>&nbsp;&nbsp;&nbsp;iotx_mc_push_pubInfo_to
<LI><a href="#[390]">&gt;&gt;</a>&nbsp;&nbsp;&nbsp;iotx_mc_handle_recv_PUBLISH
<LI><a href="#[1eb]">&gt;&gt;</a>&nbsp;&nbsp;&nbsp;MD5_Update
<LI><a href="#[371]">&gt;&gt;</a>&nbsp;&nbsp;&nbsp;httpclient_get_info
<LI><a href="#[374]">&gt;&gt;</a>&nbsp;&nbsp;&nbsp;httpclient_retrieve_content
<LI><a href="#[372]">&gt;&gt;</a>&nbsp;&nbsp;&nbsp;httpclient_parse_url
<LI><a href="#[369]">&gt;&gt;</a>&nbsp;&nbsp;&nbsp;httpclient_parse_host
<LI><a href="#[496]">&gt;&gt;</a>&nbsp;&nbsp;&nbsp;mbedtls_ssl_write
<LI><a href="#[232]">&gt;&gt;</a>&nbsp;&nbsp;&nbsp;mbedtls_ssl_set_hostname
<LI><a href="#[489]">&gt;&gt;</a>&nbsp;&nbsp;&nbsp;mbedtls_ssl_read
<LI><a href="#[277]">&gt;&gt;</a>&nbsp;&nbsp;&nbsp;_http_response
<LI><a href="#[26d]">&gt;&gt;</a>&nbsp;&nbsp;&nbsp;_calc_hmac_signature
<LI><a href="#[268]">&gt;&gt;</a>&nbsp;&nbsp;&nbsp;_authenticate_string
<LI><a href="#[52b]">&gt;&gt;</a>&nbsp;&nbsp;&nbsp;utils_sha1_update
<LI><a href="#[26e]">&gt;&gt;</a>&nbsp;&nbsp;&nbsp;utils_hmac_sha1
<LI><a href="#[34a]">&gt;&gt;</a>&nbsp;&nbsp;&nbsp;tab_complete
<LI><a href="#[31c]">&gt;&gt;</a>&nbsp;&nbsp;&nbsp;handle_input
<LI><a href="#[470]">&gt;&gt;</a>&nbsp;&nbsp;&nbsp;ssl_write_client_hello
<LI><a href="#[471]">&gt;&gt;</a>&nbsp;&nbsp;&nbsp;ssl_parse_server_hello
<LI><a href="#[516]">&gt;&gt;</a>&nbsp;&nbsp;&nbsp;ssl_parse_hello_verify_request
<LI><a href="#[3fa]">&gt;&gt;</a>&nbsp;&nbsp;&nbsp;mbedtls_md5_update
<LI><a href="#[4f2]">&gt;&gt;</a>&nbsp;&nbsp;&nbsp;pem_pbkdf1
<LI><a href="#[3f2]">&gt;&gt;</a>&nbsp;&nbsp;&nbsp;mbedtls_cipher_update
<LI><a href="#[3f0]">&gt;&gt;</a>&nbsp;&nbsp;&nbsp;mbedtls_cipher_set_iv
<LI><a href="#[49c]">&gt;&gt;</a>&nbsp;&nbsp;&nbsp;x509_crt_parse_der_core
<LI><a href="#[451]">&gt;&gt;</a>&nbsp;&nbsp;&nbsp;mbedtls_sha256_update
<LI><a href="#[478]">&gt;&gt;</a>&nbsp;&nbsp;&nbsp;mbedtls_ssl_write_certificate
<LI><a href="#[465]">&gt;&gt;</a>&nbsp;&nbsp;&nbsp;mbedtls_ssl_resend
<LI><a href="#[45c]">&gt;&gt;</a>&nbsp;&nbsp;&nbsp;mbedtls_ssl_derive_keys
<LI><a href="#[527]">&gt;&gt;</a>&nbsp;&nbsp;&nbsp;tls_prf_generic
<LI><a href="#[488]">&gt;&gt;</a>&nbsp;&nbsp;&nbsp;ssl_reassemble_dtls_handshake
<LI><a href="#[497]">&gt;&gt;</a>&nbsp;&nbsp;&nbsp;ssl_flight_append
<LI><a href="#[499]">&gt;&gt;</a>&nbsp;&nbsp;&nbsp;ssl_encrypt_buf
<LI><a href="#[48d]">&gt;&gt;</a>&nbsp;&nbsp;&nbsp;ssl_decrypt_buf
<LI><a href="#[2a2]">&gt;&gt;</a>&nbsp;&nbsp;&nbsp;ali_rsa_init_pubkey
<LI><a href="#[296]">&gt;&gt;</a>&nbsp;&nbsp;&nbsp;ali_aes_init
<LI><a href="#[294]">&gt;&gt;</a>&nbsp;&nbsp;&nbsp;mbedtls_aes_setkey_enc_alt
<LI><a href="#[293]">&gt;&gt;</a>&nbsp;&nbsp;&nbsp;mbedtls_aes_setkey_dec_alt
<LI><a href="#[437]">&gt;&gt;</a>&nbsp;&nbsp;&nbsp;mbedtls_rsa_rsaes_pkcs1_v15_encrypt
<LI><a href="#[438]">&gt;&gt;</a>&nbsp;&nbsp;&nbsp;mbedtls_rsa_rsaes_oaep_encrypt
<LI><a href="#[449]">&gt;&gt;</a>&nbsp;&nbsp;&nbsp;mbedtls_sha1_update
<LI><a href="#[29c]">&gt;&gt;</a>&nbsp;&nbsp;&nbsp;mbedtls_aes_crypt_cbc
</UL>

<P><STRONG><a name="[2f0]"></a>__aeabi_memcpy4</STRONG> (Thumb, 0 bytes, Stack size 8 bytes, memmove.o(.text))
<BR><BR>[Stack]<UL><LI>Max Depth = 8<LI>Call Chain = __aeabi_memcpy4
</UL>
<BR>[Called By]<UL><LI><a href="#[95]">&gt;&gt;</a>&nbsp;&nbsp;&nbsp;dyn_mem_proc_task
<LI><a href="#[1b0]">&gt;&gt;</a>&nbsp;&nbsp;&nbsp;iotx_mc_init
<LI><a href="#[2b0]">&gt;&gt;</a>&nbsp;&nbsp;&nbsp;aos_poll_read_fd
<LI><a href="#[4aa]">&gt;&gt;</a>&nbsp;&nbsp;&nbsp;mqtt_client_example
<LI><a href="#[368]">&gt;&gt;</a>&nbsp;&nbsp;&nbsp;httpclient_base64enc
<LI><a href="#[33c]">&gt;&gt;</a>&nbsp;&nbsp;&nbsp;dumpsys_task_func
<LI><a href="#[d2]">&gt;&gt;</a>&nbsp;&nbsp;&nbsp;log_cmd
<LI><a href="#[454]">&gt;&gt;</a>&nbsp;&nbsp;&nbsp;mbedtls_sha256_clone
<LI><a href="#[45c]">&gt;&gt;</a>&nbsp;&nbsp;&nbsp;mbedtls_ssl_derive_keys
<LI><a href="#[405]">&gt;&gt;</a>&nbsp;&nbsp;&nbsp;mbedtls_mpi_grow
<LI><a href="#[404]">&gt;&gt;</a>&nbsp;&nbsp;&nbsp;mbedtls_mpi_copy
<LI><a href="#[416]">&gt;&gt;</a>&nbsp;&nbsp;&nbsp;mpi_montmul
<LI><a href="#[44c]">&gt;&gt;</a>&nbsp;&nbsp;&nbsp;mbedtls_sha1_clone
<LI><a href="#[3fd]">&gt;&gt;</a>&nbsp;&nbsp;&nbsp;mbedtls_md5_clone
</UL>

<P><STRONG><a name="[377]"></a>__aeabi_memmove</STRONG> (Thumb, 0 bytes, Stack size 8 bytes, memmove.o(.text))
<BR><BR>[Stack]<UL><LI>Max Depth = 8<LI>Call Chain = __aeabi_memmove
</UL>
<BR>[Called By]<UL><LI><a href="#[374]">&gt;&gt;</a>&nbsp;&nbsp;&nbsp;httpclient_retrieve_content
<LI><a href="#[376]">&gt;&gt;</a>&nbsp;&nbsp;&nbsp;httpclient_response_parse
<LI><a href="#[47a]">&gt;&gt;</a>&nbsp;&nbsp;&nbsp;mbedtls_ssl_write_record
<LI><a href="#[48a]">&gt;&gt;</a>&nbsp;&nbsp;&nbsp;mbedtls_ssl_read_record_layer
<LI><a href="#[462]">&gt;&gt;</a>&nbsp;&nbsp;&nbsp;mbedtls_ssl_fetch_input
<LI><a href="#[488]">&gt;&gt;</a>&nbsp;&nbsp;&nbsp;ssl_reassemble_dtls_handshake
</UL>

<P><STRONG><a name="[545]"></a>__aeabi_memmove4</STRONG> (Thumb, 0 bytes, Stack size 8 bytes, memmove.o(.text), UNUSED)

<P><STRONG><a name="[546]"></a>memcpy</STRONG> (Thumb, 0 bytes, Stack size 8 bytes, memmove.o(.text), UNUSED)

<P><STRONG><a name="[547]"></a>memmove</STRONG> (Thumb, 0 bytes, Stack size 8 bytes, memmove.o(.text), UNUSED)

<P><STRONG><a name="[104]"></a>__aeabi_memset</STRONG> (Thumb, 14 bytes, Stack size 0 bytes, memseta.o(.text))
<BR><BR>[Called By]<UL><LI><a href="#[401]">&gt;&gt;</a>&nbsp;&nbsp;&nbsp;mbedtls_md_hmac_starts
<LI><a href="#[510]">&gt;&gt;</a>&nbsp;&nbsp;&nbsp;ssl_bitmask_set
<LI><a href="#[105]">&gt;&gt;</a>&nbsp;&nbsp;&nbsp;_memset$wrapper
<LI><a href="#[103]">&gt;&gt;</a>&nbsp;&nbsp;&nbsp;__aeabi_memclr
</UL>

<P><STRONG><a name="[548]"></a>__aeabi_memset4</STRONG> (Thumb, 0 bytes, Stack size 0 bytes, memseta.o(.text), UNUSED)

<P><STRONG><a name="[549]"></a>__aeabi_memset8</STRONG> (Thumb, 0 bytes, Stack size 0 bytes, memseta.o(.text), UNUSED)

<P><STRONG><a name="[103]"></a>__aeabi_memclr</STRONG> (Thumb, 4 bytes, Stack size 0 bytes, memseta.o(.text))
<BR><BR>[Calls]<UL><LI><a href="#[104]">&gt;&gt;</a>&nbsp;&nbsp;&nbsp;__aeabi_memset
</UL>
<BR>[Called By]<UL><LI><a href="#[2d5]">&gt;&gt;</a>&nbsp;&nbsp;&nbsp;kv_item_store
<LI><a href="#[1a]">&gt;&gt;</a>&nbsp;&nbsp;&nbsp;handle_kv_cmd
<LI><a href="#[96]">&gt;&gt;</a>&nbsp;&nbsp;&nbsp;__item_print_cb
<LI><a href="#[3ad]">&gt;&gt;</a>&nbsp;&nbsp;&nbsp;krhino_add_mm_region
<LI><a href="#[2d7]">&gt;&gt;</a>&nbsp;&nbsp;&nbsp;aos_zalloc
<LI><a href="#[1ad]">&gt;&gt;</a>&nbsp;&nbsp;&nbsp;LITE_syslog
<LI><a href="#[1af]">&gt;&gt;</a>&nbsp;&nbsp;&nbsp;LITE_malloc_internal
<LI><a href="#[390]">&gt;&gt;</a>&nbsp;&nbsp;&nbsp;iotx_mc_handle_recv_PUBLISH
<LI><a href="#[4d7]">&gt;&gt;</a>&nbsp;&nbsp;&nbsp;ota_get_ota_version
<LI><a href="#[4d6]">&gt;&gt;</a>&nbsp;&nbsp;&nbsp;ota_get_dev_version
<LI><a href="#[4c0]">&gt;&gt;</a>&nbsp;&nbsp;&nbsp;set_download_url
<LI><a href="#[4bb]">&gt;&gt;</a>&nbsp;&nbsp;&nbsp;ota_do_update_packet
<LI><a href="#[379]">&gt;&gt;</a>&nbsp;&nbsp;&nbsp;httpclient_send_header
<LI><a href="#[281]">&gt;&gt;</a>&nbsp;&nbsp;&nbsp;_secure_mode_str
<LI><a href="#[277]">&gt;&gt;</a>&nbsp;&nbsp;&nbsp;_http_response
<LI><a href="#[290]">&gt;&gt;</a>&nbsp;&nbsp;&nbsp;calloc
<LI><a href="#[337]">&gt;&gt;</a>&nbsp;&nbsp;&nbsp;dump_task_stack
<LI><a href="#[33c]">&gt;&gt;</a>&nbsp;&nbsp;&nbsp;dumpsys_task_func
<LI><a href="#[34b]">&gt;&gt;</a>&nbsp;&nbsp;&nbsp;get_wifi_ssid
<LI><a href="#[349]">&gt;&gt;</a>&nbsp;&nbsp;&nbsp;get_bssid
<LI><a href="#[318]">&gt;&gt;</a>&nbsp;&nbsp;&nbsp;clear_wifi_ssid
<LI><a href="#[425]">&gt;&gt;</a>&nbsp;&nbsp;&nbsp;mbedtls_pem_read_buffer
<LI><a href="#[50e]">&gt;&gt;</a>&nbsp;&nbsp;&nbsp;rsa_verify_alt
<LI><a href="#[50c]">&gt;&gt;</a>&nbsp;&nbsp;&nbsp;rsa_encrypt_alt
<LI><a href="#[28e]">&gt;&gt;</a>&nbsp;&nbsp;&nbsp;mbedtls_aes_crypt_cbc_alt
<LI><a href="#[438]">&gt;&gt;</a>&nbsp;&nbsp;&nbsp;mbedtls_rsa_rsaes_oaep_encrypt
<LI><a href="#[420]">&gt;&gt;</a>&nbsp;&nbsp;&nbsp;mbedtls_mpi_write_binary
</UL>

<P><STRONG><a name="[1d2]"></a>__aeabi_memclr4</STRONG> (Thumb, 0 bytes, Stack size 0 bytes, memseta.o(.text))
<BR><BR>[Called By]<UL><LI><a href="#[1d1]">&gt;&gt;</a>&nbsp;&nbsp;&nbsp;M0_WIFI_DNS_resolution
<LI><a href="#[3cd]">&gt;&gt;</a>&nbsp;&nbsp;&nbsp;task_create
<LI><a href="#[2c2]">&gt;&gt;</a>&nbsp;&nbsp;&nbsp;aos_kv_init
<LI><a href="#[2aa]">&gt;&gt;</a>&nbsp;&nbsp;&nbsp;aos_cli_init
<LI><a href="#[3ac]">&gt;&gt;</a>&nbsp;&nbsp;&nbsp;krhino_init_mm_head
<LI><a href="#[380]">&gt;&gt;</a>&nbsp;&nbsp;&nbsp;inode_init
<LI><a href="#[2f7]">&gt;&gt;</a>&nbsp;&nbsp;&nbsp;aos_register_driver
<LI><a href="#[ba]">&gt;&gt;</a>&nbsp;&nbsp;&nbsp;event_open
<LI><a href="#[1c6]">&gt;&gt;</a>&nbsp;&nbsp;&nbsp;iotx_guider_authenticate
<LI><a href="#[1b0]">&gt;&gt;</a>&nbsp;&nbsp;&nbsp;iotx_mc_init
<LI><a href="#[390]">&gt;&gt;</a>&nbsp;&nbsp;&nbsp;iotx_mc_handle_recv_PUBLISH
<LI><a href="#[38a]">&gt;&gt;</a>&nbsp;&nbsp;&nbsp;iotx_mc_check_topic
<LI><a href="#[4e1]">&gt;&gt;</a>&nbsp;&nbsp;&nbsp;ota_mqtt_publish
<LI><a href="#[4ed]">&gt;&gt;</a>&nbsp;&nbsp;&nbsp;platform_ota_status_post
<LI><a href="#[4eb]">&gt;&gt;</a>&nbsp;&nbsp;&nbsp;platform_ota_result_post
<LI><a href="#[4c1]">&gt;&gt;</a>&nbsp;&nbsp;&nbsp;ota_download
<LI><a href="#[317]">&gt;&gt;</a>&nbsp;&nbsp;&nbsp;check_md5
<LI><a href="#[4bd]">&gt;&gt;</a>&nbsp;&nbsp;&nbsp;ota_if_need
<LI><a href="#[332]">&gt;&gt;</a>&nbsp;&nbsp;&nbsp;update_action
<LI><a href="#[4aa]">&gt;&gt;</a>&nbsp;&nbsp;&nbsp;mqtt_client_example
<LI><a href="#[36f]">&gt;&gt;</a>&nbsp;&nbsp;&nbsp;httpclient_recv_response
<LI><a href="#[1ca]">&gt;&gt;</a>&nbsp;&nbsp;&nbsp;json_get_value_by_name
<LI><a href="#[288]">&gt;&gt;</a>&nbsp;&nbsp;&nbsp;mbedtls_x509_crt_init
<LI><a href="#[286]">&gt;&gt;</a>&nbsp;&nbsp;&nbsp;mbedtls_ssl_init
<LI><a href="#[287]">&gt;&gt;</a>&nbsp;&nbsp;&nbsp;mbedtls_ssl_config_init
<LI><a href="#[278]">&gt;&gt;</a>&nbsp;&nbsp;&nbsp;httpclient_common
<LI><a href="#[27b]">&gt;&gt;</a>&nbsp;&nbsp;&nbsp;_iotId_iotToken_http
<LI><a href="#[279]">&gt;&gt;</a>&nbsp;&nbsp;&nbsp;_ident_partner
<LI><a href="#[277]">&gt;&gt;</a>&nbsp;&nbsp;&nbsp;_http_response
<LI><a href="#[26d]">&gt;&gt;</a>&nbsp;&nbsp;&nbsp;_calc_hmac_signature
<LI><a href="#[310]">&gt;&gt;</a>&nbsp;&nbsp;&nbsp;cJSON_New_Item
<LI><a href="#[529]">&gt;&gt;</a>&nbsp;&nbsp;&nbsp;utils_sha1_init
<LI><a href="#[26e]">&gt;&gt;</a>&nbsp;&nbsp;&nbsp;utils_hmac_sha1
<LI><a href="#[1c5]">&gt;&gt;</a>&nbsp;&nbsp;&nbsp;iotx_device_info_set
<LI><a href="#[1c4]">&gt;&gt;</a>&nbsp;&nbsp;&nbsp;iotx_device_info_init
<LI><a href="#[337]">&gt;&gt;</a>&nbsp;&nbsp;&nbsp;dump_task_stack
<LI><a href="#[33c]">&gt;&gt;</a>&nbsp;&nbsp;&nbsp;dumpsys_task_func
<LI><a href="#[31c]">&gt;&gt;</a>&nbsp;&nbsp;&nbsp;handle_input
<LI><a href="#[308]">&gt;&gt;</a>&nbsp;&nbsp;&nbsp;netmgr_init
<LI><a href="#[4af]">&gt;&gt;</a>&nbsp;&nbsp;&nbsp;set_wifi_ssid
<LI><a href="#[4b0]">&gt;&gt;</a>&nbsp;&nbsp;&nbsp;reconnect_wifi
<LI><a href="#[318]">&gt;&gt;</a>&nbsp;&nbsp;&nbsp;clear_wifi_ssid
<LI><a href="#[3f8]">&gt;&gt;</a>&nbsp;&nbsp;&nbsp;mbedtls_md5_init
<LI><a href="#[44f]">&gt;&gt;</a>&nbsp;&nbsp;&nbsp;mbedtls_sha256_init
<LI><a href="#[3f6]">&gt;&gt;</a>&nbsp;&nbsp;&nbsp;mbedtls_cipher_setup
<LI><a href="#[3f5]">&gt;&gt;</a>&nbsp;&nbsp;&nbsp;mbedtls_cipher_init
<LI><a href="#[492]">&gt;&gt;</a>&nbsp;&nbsp;&nbsp;mbedtls_ssl_session_init
<LI><a href="#[493]">&gt;&gt;</a>&nbsp;&nbsp;&nbsp;ssl_handshake_init
<LI><a href="#[29e]">&gt;&gt;</a>&nbsp;&nbsp;&nbsp;ali_aes_reset
<LI><a href="#[436]">&gt;&gt;</a>&nbsp;&nbsp;&nbsp;mbedtls_rsa_init_alt
<LI><a href="#[434]">&gt;&gt;</a>&nbsp;&nbsp;&nbsp;mbedtls_rsa_free_alt
<LI><a href="#[291]">&gt;&gt;</a>&nbsp;&nbsp;&nbsp;mbedtls_aes_init_alt
<LI><a href="#[442]">&gt;&gt;</a>&nbsp;&nbsp;&nbsp;mgf_mask
<LI><a href="#[40e]">&gt;&gt;</a>&nbsp;&nbsp;&nbsp;mbedtls_mpi_lset
<LI><a href="#[414]">&gt;&gt;</a>&nbsp;&nbsp;&nbsp;mbedtls_mpi_exp_mod
<LI><a href="#[404]">&gt;&gt;</a>&nbsp;&nbsp;&nbsp;mbedtls_mpi_copy
<LI><a href="#[416]">&gt;&gt;</a>&nbsp;&nbsp;&nbsp;mpi_montmul
<LI><a href="#[447]">&gt;&gt;</a>&nbsp;&nbsp;&nbsp;mbedtls_sha1_init
<LI><a href="#[297]">&gt;&gt;</a>&nbsp;&nbsp;&nbsp;mbedtls_aes_init
<LI><a href="#[2a5]">&gt;&gt;</a>&nbsp;&nbsp;&nbsp;mbedtls_rsa_init
</UL>

<P><STRONG><a name="[54a]"></a>__aeabi_memclr8</STRONG> (Thumb, 0 bytes, Stack size 0 bytes, memseta.o(.text), UNUSED)

<P><STRONG><a name="[105]"></a>_memset$wrapper</STRONG> (Thumb, 18 bytes, Stack size 8 bytes, memseta.o(.text), UNUSED)
<BR><BR>[Calls]<UL><LI><a href="#[104]">&gt;&gt;</a>&nbsp;&nbsp;&nbsp;__aeabi_memset
</UL>

<P><STRONG><a name="[267]"></a>strcat</STRONG> (Thumb, 24 bytes, Stack size 0 bytes, strcat.o(.text))
<BR><BR>[Called By]<UL><LI><a href="#[266]">&gt;&gt;</a>&nbsp;&nbsp;&nbsp;_authenticate_http_url
</UL>

<P><STRONG><a name="[11f]"></a>strstr</STRONG> (Thumb, 36 bytes, Stack size 12 bytes, strstr.o(.text))
<BR><BR>[Stack]<UL><LI>Max Depth = 12<LI>Call Chain = strstr
</UL>
<BR>[Called By]<UL><LI><a href="#[120]">&gt;&gt;</a>&nbsp;&nbsp;&nbsp;UART_WIFI_Cmd
<LI><a href="#[1e6]">&gt;&gt;</a>&nbsp;&nbsp;&nbsp;M0_WIFI_TCP_IsConnected
<LI><a href="#[1dd]">&gt;&gt;</a>&nbsp;&nbsp;&nbsp;M0_WIFI_IsConnected
<LI><a href="#[1d8]">&gt;&gt;</a>&nbsp;&nbsp;&nbsp;M0_WIFI_GetOperationMode
<LI><a href="#[11e]">&gt;&gt;</a>&nbsp;&nbsp;&nbsp;AT_ExecuteCommand
<LI><a href="#[4c1]">&gt;&gt;</a>&nbsp;&nbsp;&nbsp;ota_download
<LI><a href="#[376]">&gt;&gt;</a>&nbsp;&nbsp;&nbsp;httpclient_response_parse
<LI><a href="#[372]">&gt;&gt;</a>&nbsp;&nbsp;&nbsp;httpclient_parse_url
<LI><a href="#[369]">&gt;&gt;</a>&nbsp;&nbsp;&nbsp;httpclient_parse_host
<LI><a href="#[289]">&gt;&gt;</a>&nbsp;&nbsp;&nbsp;mbedtls_x509_crt_parse
<LI><a href="#[273]">&gt;&gt;</a>&nbsp;&nbsp;&nbsp;_fill_conn_string
<LI><a href="#[425]">&gt;&gt;</a>&nbsp;&nbsp;&nbsp;mbedtls_pem_read_buffer
</UL>

<P><STRONG><a name="[121]"></a>strncpy</STRONG> (Thumb, 24 bytes, Stack size 8 bytes, strncpy.o(.text))
<BR><BR>[Stack]<UL><LI>Max Depth = 8<LI>Call Chain = strncpy
</UL>
<BR>[Called By]<UL><LI><a href="#[1d7]">&gt;&gt;</a>&nbsp;&nbsp;&nbsp;M0_WIFI_GetModuleFwRevision
<LI><a href="#[11e]">&gt;&gt;</a>&nbsp;&nbsp;&nbsp;AT_ExecuteCommand
<LI><a href="#[38a]">&gt;&gt;</a>&nbsp;&nbsp;&nbsp;iotx_mc_check_topic
<LI><a href="#[4c0]">&gt;&gt;</a>&nbsp;&nbsp;&nbsp;set_download_url
<LI><a href="#[4f8]">&gt;&gt;</a>&nbsp;&nbsp;&nbsp;platform_ota_parse_response
<LI><a href="#[4bb]">&gt;&gt;</a>&nbsp;&nbsp;&nbsp;ota_do_update_packet
<LI><a href="#[1cc]">&gt;&gt;</a>&nbsp;&nbsp;&nbsp;LITE_openlog
<LI><a href="#[1c8]">&gt;&gt;</a>&nbsp;&nbsp;&nbsp;LITE_json_value_of
<LI><a href="#[1c5]">&gt;&gt;</a>&nbsp;&nbsp;&nbsp;iotx_device_info_set
<LI><a href="#[31b]">&gt;&gt;</a>&nbsp;&nbsp;&nbsp;get_input
<LI><a href="#[90]">&gt;&gt;</a>&nbsp;&nbsp;&nbsp;cli_main
<LI><a href="#[32e]">&gt;&gt;</a>&nbsp;&nbsp;&nbsp;netmgr_set_ap_config
<LI><a href="#[4af]">&gt;&gt;</a>&nbsp;&nbsp;&nbsp;set_wifi_ssid
<LI><a href="#[4b0]">&gt;&gt;</a>&nbsp;&nbsp;&nbsp;reconnect_wifi
<LI><a href="#[1c]">&gt;&gt;</a>&nbsp;&nbsp;&nbsp;handle_netmgr_cmd
<LI><a href="#[34b]">&gt;&gt;</a>&nbsp;&nbsp;&nbsp;get_wifi_ssid
<LI><a href="#[1d]">&gt;&gt;</a>&nbsp;&nbsp;&nbsp;def_smart_config_start
</UL>

<P><STRONG><a name="[1c9]"></a>strchr</STRONG> (Thumb, 20 bytes, Stack size 0 bytes, strchr.o(.text))
<BR><BR>[Called By]<UL><LI><a href="#[367]">&gt;&gt;</a>&nbsp;&nbsp;&nbsp;http_gethost_info
<LI><a href="#[372]">&gt;&gt;</a>&nbsp;&nbsp;&nbsp;httpclient_parse_url
<LI><a href="#[369]">&gt;&gt;</a>&nbsp;&nbsp;&nbsp;httpclient_parse_host
<LI><a href="#[3a3]">&gt;&gt;</a>&nbsp;&nbsp;&nbsp;json_get_next_object
<LI><a href="#[375]">&gt;&gt;</a>&nbsp;&nbsp;&nbsp;log_multi_line_internal
<LI><a href="#[1c8]">&gt;&gt;</a>&nbsp;&nbsp;&nbsp;LITE_json_value_of
<LI><a href="#[31c]">&gt;&gt;</a>&nbsp;&nbsp;&nbsp;handle_input
</UL>

<P><STRONG><a name="[1ae]"></a>strlen</STRONG> (Thumb, 14 bytes, Stack size 0 bytes, strlen.o(.text))
<BR><BR>[Called By]<UL><LI><a href="#[2d5]">&gt;&gt;</a>&nbsp;&nbsp;&nbsp;kv_item_store
<LI><a href="#[1a]">&gt;&gt;</a>&nbsp;&nbsp;&nbsp;handle_kv_cmd
<LI><a href="#[a1]">&gt;&gt;</a>&nbsp;&nbsp;&nbsp;__item_find_cb
<LI><a href="#[2d2]">&gt;&gt;</a>&nbsp;&nbsp;&nbsp;aos_kv_set
<LI><a href="#[383]">&gt;&gt;</a>&nbsp;&nbsp;&nbsp;inode_set_name
<LI><a href="#[2e6]">&gt;&gt;</a>&nbsp;&nbsp;&nbsp;inode_open
<LI><a href="#[2af]">&gt;&gt;</a>&nbsp;&nbsp;&nbsp;aos_open
<LI><a href="#[212]">&gt;&gt;</a>&nbsp;&nbsp;&nbsp;writeCString
<LI><a href="#[214]">&gt;&gt;</a>&nbsp;&nbsp;&nbsp;MQTTstrlen
<LI><a href="#[36a]">&gt;&gt;</a>&nbsp;&nbsp;&nbsp;iotx_net_init
<LI><a href="#[1fd]">&gt;&gt;</a>&nbsp;&nbsp;&nbsp;MQTTPacket_equals
<LI><a href="#[1ad]">&gt;&gt;</a>&nbsp;&nbsp;&nbsp;LITE_syslog
<LI><a href="#[1b9]">&gt;&gt;</a>&nbsp;&nbsp;&nbsp;IOT_MQTT_Unsubscribe
<LI><a href="#[1b7]">&gt;&gt;</a>&nbsp;&nbsp;&nbsp;IOT_MQTT_Subscribe
<LI><a href="#[1b5]">&gt;&gt;</a>&nbsp;&nbsp;&nbsp;IOT_MQTT_Publish
<LI><a href="#[1ac]">&gt;&gt;</a>&nbsp;&nbsp;&nbsp;IOT_MQTT_Construct
<LI><a href="#[38a]">&gt;&gt;</a>&nbsp;&nbsp;&nbsp;iotx_mc_check_topic
<LI><a href="#[388]">&gt;&gt;</a>&nbsp;&nbsp;&nbsp;iotx_mc_check_rule
<LI><a href="#[387]">&gt;&gt;</a>&nbsp;&nbsp;&nbsp;iotx_mc_check_handle_is_identical
<LI><a href="#[2b5]">&gt;&gt;</a>&nbsp;&nbsp;&nbsp;version_init
<LI><a href="#[4c2]">&gt;&gt;</a>&nbsp;&nbsp;&nbsp;ota_socket_connect
<LI><a href="#[367]">&gt;&gt;</a>&nbsp;&nbsp;&nbsp;http_gethost_info
<LI><a href="#[4e1]">&gt;&gt;</a>&nbsp;&nbsp;&nbsp;ota_mqtt_publish
<LI><a href="#[4c1]">&gt;&gt;</a>&nbsp;&nbsp;&nbsp;ota_download
<LI><a href="#[4bd]">&gt;&gt;</a>&nbsp;&nbsp;&nbsp;ota_if_need
<LI><a href="#[4e4]">&gt;&gt;</a>&nbsp;&nbsp;&nbsp;ota_post_version_msg
<LI><a href="#[b1]">&gt;&gt;</a>&nbsp;&nbsp;&nbsp;cancel_update
<LI><a href="#[332]">&gt;&gt;</a>&nbsp;&nbsp;&nbsp;update_action
<LI><a href="#[4aa]">&gt;&gt;</a>&nbsp;&nbsp;&nbsp;mqtt_client_example
<LI><a href="#[1c3]">&gt;&gt;</a>&nbsp;&nbsp;&nbsp;IOT_SetupConnInfo
<LI><a href="#[379]">&gt;&gt;</a>&nbsp;&nbsp;&nbsp;httpclient_send_header
<LI><a href="#[378]">&gt;&gt;</a>&nbsp;&nbsp;&nbsp;httpclient_send_auth
<LI><a href="#[371]">&gt;&gt;</a>&nbsp;&nbsp;&nbsp;httpclient_get_info
<LI><a href="#[372]">&gt;&gt;</a>&nbsp;&nbsp;&nbsp;httpclient_parse_url
[...]
</UL>
<P><STRONG><a name="[e1]"></a>md5_process_wrap</STRONG> (Thumb, 4 bytes, Stack size 0 bytes, md_wrap.o(i.md5_process_wrap))
<BR><BR>[Stack]<UL><LI>Max Depth = 88<LI>Call Chain = md5_process_wrap &rArr; mbedtls_md5_process
</UL>
<BR>[Calls]<UL><LI><a href="#[3fe]">&gt;&gt;</a>&nbsp;&nbsp;&nbsp;mbedtls_md5_process
</UL>
<BR>[Address Reference Count : 1]<UL><LI> md_wrap.o(.constdata)
</UL>
<P><STRONG><a name="[da]"></a>md5_starts_wrap</STRONG> (Thumb, 4 bytes, Stack size 0 bytes, md_wrap.o(i.md5_starts_wrap))
<BR><BR>[Calls]<UL><LI><a href="#[3f9]">&gt;&gt;</a>&nbsp;&nbsp;&nbsp;mbedtls_md5_starts
</UL>
<BR>[Address Reference Count : 1]<UL><LI> md_wrap.o(.constdata)
</UL>
<P><STRONG><a name="[db]"></a>md5_update_wrap</STRONG> (Thumb, 4 bytes, Stack size 0 bytes, md_wrap.o(i.md5_update_wrap))
<BR><BR>[Stack]<UL><LI>Max Depth = 112<LI>Call Chain = md5_update_wrap &rArr; mbedtls_md5_update &rArr; mbedtls_md5_process
</UL>
<BR>[Calls]<UL><LI><a href="#[3fa]">&gt;&gt;</a>&nbsp;&nbsp;&nbsp;mbedtls_md5_update
</UL>
<BR>[Address Reference Count : 1]<UL><LI> md_wrap.o(.constdata)
</UL>
<P><STRONG><a name="[e8]"></a>sha1_clone_wrap</STRONG> (Thumb, 4 bytes, Stack size 0 bytes, md_wrap.o(i.sha1_clone_wrap))
<BR><BR>[Stack]<UL><LI>Max Depth = 8<LI>Call Chain = sha1_clone_wrap &rArr; mbedtls_sha1_clone &rArr; __aeabi_memcpy4
</UL>
<BR>[Calls]<UL><LI><a href="#[44c]">&gt;&gt;</a>&nbsp;&nbsp;&nbsp;mbedtls_sha1_clone
</UL>
<BR>[Address Reference Count : 1]<UL><LI> md_wrap.o(.constdata)
</UL>
<P><STRONG><a name="[e6]"></a>sha1_ctx_alloc</STRONG> (Thumb, 22 bytes, Stack size 8 bytes, md_wrap.o(i.sha1_ctx_alloc))
<BR><BR>[Stack]<UL><LI>Max Depth = 184 + Unknown Stack Size
<LI>Call Chain = sha1_ctx_alloc &rArr; calloc &rArr; aos_malloc &rArr; krhino_mm_alloc &rArr; k_mm_alloc &rArr; k_mm_smallblk_alloc &rArr; addsize &rArr; sizetoindex
</UL>
<BR>[Calls]<UL><LI><a href="#[290]">&gt;&gt;</a>&nbsp;&nbsp;&nbsp;calloc
<LI><a href="#[447]">&gt;&gt;</a>&nbsp;&nbsp;&nbsp;mbedtls_sha1_init
</UL>
<BR>[Address Reference Count : 1]<UL><LI> md_wrap.o(.constdata)
</UL>
<P><STRONG><a name="[e7]"></a>sha1_ctx_free</STRONG> (Thumb, 18 bytes, Stack size 8 bytes, md_wrap.o(i.sha1_ctx_free))
<BR><BR>[Stack]<UL><LI>Max Depth = 112 + Unknown Stack Size
<LI>Call Chain = sha1_ctx_free &rArr; free &rArr; aos_free &rArr; krhino_mm_free &rArr; k_mm_free &rArr; bitmap_search
</UL>
<BR>[Calls]<UL><LI><a href="#[17d]">&gt;&gt;</a>&nbsp;&nbsp;&nbsp;free
<LI><a href="#[44b]">&gt;&gt;</a>&nbsp;&nbsp;&nbsp;mbedtls_sha1_free
</UL>
<BR>[Address Reference Count : 1]<UL><LI> md_wrap.o(.constdata)
</UL>
<P><STRONG><a name="[e4]"></a>sha1_finish_wrap</STRONG> (Thumb, 4 bytes, Stack size 0 bytes, md_wrap.o(i.sha1_finish_wrap))
<BR><BR>[Stack]<UL><LI>Max Depth = 192<LI>Call Chain = sha1_finish_wrap &rArr; mbedtls_sha1_finish &rArr; mbedtls_sha1_update &rArr; mbedtls_sha1_process
</UL>
<BR>[Calls]<UL><LI><a href="#[44a]">&gt;&gt;</a>&nbsp;&nbsp;&nbsp;mbedtls_sha1_finish
</UL>
<BR>[Address Reference Count : 1]<UL><LI> md_wrap.o(.constdata)
</UL>
<P><STRONG><a name="[e9]"></a>sha1_process_wrap</STRONG> (Thumb, 4 bytes, Stack size 0 bytes, md_wrap.o(i.sha1_process_wrap))
<BR><BR>[Stack]<UL><LI>Max Depth = 144<LI>Call Chain = sha1_process_wrap &rArr; mbedtls_sha1_process
</UL>
<BR>[Calls]<UL><LI><a href="#[44d]">&gt;&gt;</a>&nbsp;&nbsp;&nbsp;mbedtls_sha1_process
</UL>
<BR>[Address Reference Count : 1]<UL><LI> md_wrap.o(.constdata)
</UL>
<P><STRONG><a name="[e2]"></a>sha1_starts_wrap</STRONG> (Thumb, 4 bytes, Stack size 0 bytes, md_wrap.o(i.sha1_starts_wrap))
<BR><BR>[Calls]<UL><LI><a href="#[448]">&gt;&gt;</a>&nbsp;&nbsp;&nbsp;mbedtls_sha1_starts
</UL>
<BR>[Address Reference Count : 1]<UL><LI> md_wrap.o(.constdata)
</UL>
<P><STRONG><a name="[e3]"></a>sha1_update_wrap</STRONG> (Thumb, 4 bytes, Stack size 0 bytes, md_wrap.o(i.sha1_update_wrap))
<BR><BR>[Stack]<UL><LI>Max Depth = 168<LI>Call Chain = sha1_update_wrap &rArr; mbedtls_sha1_update &rArr; mbedtls_sha1_process
</UL>
<BR>[Calls]<UL><LI><a href="#[449]">&gt;&gt;</a>&nbsp;&nbsp;&nbsp;mbedtls_sha1_update
</UL>
<BR>[Address Reference Count : 1]<UL><LI> md_wrap.o(.constdata)
</UL>
<P><STRONG><a name="[f0]"></a>sha224_clone_wrap</STRONG> (Thumb, 4 bytes, Stack size 0 bytes, md_wrap.o(i.sha224_clone_wrap))
<BR><BR>[Stack]<UL><LI>Max Depth = 8<LI>Call Chain = sha224_clone_wrap &rArr; mbedtls_sha256_clone &rArr; __aeabi_memcpy4
</UL>
<BR>[Calls]<UL><LI><a href="#[454]">&gt;&gt;</a>&nbsp;&nbsp;&nbsp;mbedtls_sha256_clone
</UL>
<BR>[Address Reference Count : 2]<UL><LI> md_wrap.o(.constdata)
<LI> md_wrap.o(.constdata)
</UL>
<P><STRONG><a name="[ee]"></a>sha224_ctx_alloc</STRONG> (Thumb, 22 bytes, Stack size 8 bytes, md_wrap.o(i.sha224_ctx_alloc))
<BR><BR>[Stack]<UL><LI>Max Depth = 184 + Unknown Stack Size
<LI>Call Chain = sha224_ctx_alloc &rArr; calloc &rArr; aos_malloc &rArr; krhino_mm_alloc &rArr; k_mm_alloc &rArr; k_mm_smallblk_alloc &rArr; addsize &rArr; sizetoindex
</UL>
<BR>[Calls]<UL><LI><a href="#[290]">&gt;&gt;</a>&nbsp;&nbsp;&nbsp;calloc
<LI><a href="#[44f]">&gt;&gt;</a>&nbsp;&nbsp;&nbsp;mbedtls_sha256_init
</UL>
<BR>[Address Reference Count : 2]<UL><LI> md_wrap.o(.constdata)
<LI> md_wrap.o(.constdata)
</UL>
<P><STRONG><a name="[ef]"></a>sha224_ctx_free</STRONG> (Thumb, 18 bytes, Stack size 8 bytes, md_wrap.o(i.sha224_ctx_free))
<BR><BR>[Stack]<UL><LI>Max Depth = 112 + Unknown Stack Size
<LI>Call Chain = sha224_ctx_free &rArr; free &rArr; aos_free &rArr; krhino_mm_free &rArr; k_mm_free &rArr; bitmap_search
</UL>
<BR>[Calls]<UL><LI><a href="#[17d]">&gt;&gt;</a>&nbsp;&nbsp;&nbsp;free
<LI><a href="#[453]">&gt;&gt;</a>&nbsp;&nbsp;&nbsp;mbedtls_sha256_free
</UL>
<BR>[Address Reference Count : 2]<UL><LI> md_wrap.o(.constdata)
<LI> md_wrap.o(.constdata)
</UL>
<P><STRONG><a name="[ec]"></a>sha224_finish_wrap</STRONG> (Thumb, 4 bytes, Stack size 0 bytes, md_wrap.o(i.sha224_finish_wrap))
<BR><BR>[Stack]<UL><LI>Max Depth = 372<LI>Call Chain = sha224_finish_wrap &rArr; mbedtls_sha256_finish &rArr; mbedtls_sha256_update &rArr; mbedtls_sha256_process
</UL>
<BR>[Calls]<UL><LI><a href="#[452]">&gt;&gt;</a>&nbsp;&nbsp;&nbsp;mbedtls_sha256_finish
</UL>
<BR>[Address Reference Count : 2]<UL><LI> md_wrap.o(.constdata)
<LI> md_wrap.o(.constdata)
</UL>
<P><STRONG><a name="[f1]"></a>sha224_process_wrap</STRONG> (Thumb, 4 bytes, Stack size 0 bytes, md_wrap.o(i.sha224_process_wrap))
<BR><BR>[Stack]<UL><LI>Max Depth = 324<LI>Call Chain = sha224_process_wrap &rArr; mbedtls_sha256_process
</UL>
<BR>[Calls]<UL><LI><a href="#[455]">&gt;&gt;</a>&nbsp;&nbsp;&nbsp;mbedtls_sha256_process
</UL>
<BR>[Address Reference Count : 2]<UL><LI> md_wrap.o(.constdata)
<LI> md_wrap.o(.constdata)
</UL>
<P><STRONG><a name="[ea]"></a>sha224_starts_wrap</STRONG> (Thumb, 6 bytes, Stack size 0 bytes, md_wrap.o(i.sha224_starts_wrap))
<BR><BR>[Calls]<UL><LI><a href="#[450]">&gt;&gt;</a>&nbsp;&nbsp;&nbsp;mbedtls_sha256_starts
</UL>
<BR>[Address Reference Count : 1]<UL><LI> md_wrap.o(.constdata)
</UL>
<P><STRONG><a name="[eb]"></a>sha224_update_wrap</STRONG> (Thumb, 4 bytes, Stack size 0 bytes, md_wrap.o(i.sha224_update_wrap))
<BR><BR>[Stack]<UL><LI>Max Depth = 348<LI>Call Chain = sha224_update_wrap &rArr; mbedtls_sha256_update &rArr; mbedtls_sha256_process
</UL>
<BR>[Calls]<UL><LI><a href="#[451]">&gt;&gt;</a>&nbsp;&nbsp;&nbsp;mbedtls_sha256_update
</UL>
<BR>[Address Reference Count : 2]<UL><LI> md_wrap.o(.constdata)
<LI> md_wrap.o(.constdata)
</UL>
<P><STRONG><a name="[ed]"></a>sha224_wrap</STRONG> (Thumb, 6 bytes, Stack size 0 bytes, md_wrap.o(i.sha224_wrap))
<BR><BR>[Stack]<UL><LI>Max Depth = 500<LI>Call Chain = sha224_wrap &rArr; mbedtls_sha256 &rArr; mbedtls_sha256_finish &rArr; mbedtls_sha256_update &rArr; mbedtls_sha256_process
</UL>
<BR>[Calls]<UL><LI><a href="#[44e]">&gt;&gt;</a>&nbsp;&nbsp;&nbsp;mbedtls_sha256
</UL>
<BR>[Address Reference Count : 1]<UL><LI> md_wrap.o(.constdata)
</UL>
<P><STRONG><a name="[f2]"></a>sha256_starts_wrap</STRONG> (Thumb, 6 bytes, Stack size 0 bytes, md_wrap.o(i.sha256_starts_wrap))
<BR><BR>[Calls]<UL><LI><a href="#[450]">&gt;&gt;</a>&nbsp;&nbsp;&nbsp;mbedtls_sha256_starts
</UL>
<BR>[Address Reference Count : 1]<UL><LI> md_wrap.o(.constdata)
</UL>
<P><STRONG><a name="[f3]"></a>sha256_wrap</STRONG> (Thumb, 6 bytes, Stack size 0 bytes, md_wrap.o(i.sha256_wrap))
<BR><BR>[Stack]<UL><LI>Max Depth = 500<LI>Call Chain = sha256_wrap &rArr; mbedtls_sha256 &rArr; mbedtls_sha256_finish &rArr; mbedtls_sha256_update &rArr; mbedtls_sha256_process
</UL>
<BR>[Calls]<UL><LI><a href="#[44e]">&gt;&gt;</a>&nbsp;&nbsp;&nbsp;mbedtls_sha256
</UL>
<BR>[Address Reference Count : 1]<UL><LI> md_wrap.o(.constdata)
</UL>
<P><STRONG><a name="[fa]"></a>rsa_alloc_wrap</STRONG> (Thumb, 26 bytes, Stack size 8 bytes, pk_wrap.o(i.rsa_alloc_wrap))
<BR><BR>[Stack]<UL><LI>Max Depth = 184 + Unknown Stack Size
<LI>Call Chain = rsa_alloc_wrap &rArr; calloc &rArr; aos_malloc &rArr; krhino_mm_alloc &rArr; k_mm_alloc &rArr; k_mm_smallblk_alloc &rArr; addsize &rArr; sizetoindex
</UL>
<BR>[Calls]<UL><LI><a href="#[290]">&gt;&gt;</a>&nbsp;&nbsp;&nbsp;calloc
<LI><a href="#[436]">&gt;&gt;</a>&nbsp;&nbsp;&nbsp;mbedtls_rsa_init_alt
</UL>
<BR>[Address Reference Count : 1]<UL><LI> pk_wrap.o(.constdata)
</UL>
<P><STRONG><a name="[f5]"></a>rsa_can_do</STRONG> (Thumb, 8 bytes, Stack size 0 bytes, pk_wrap.o(i.rsa_can_do))
<BR>[Address Reference Count : 1]<UL><LI> pk_wrap.o(.constdata)
</UL>
<P><STRONG><a name="[fc]"></a>rsa_debug_wrap</STRONG> (Thumb, 24 bytes, Stack size 0 bytes, pk_wrap.o(i.rsa_debug_wrap))
<BR>[Address Reference Count : 1]<UL><LI> pk_wrap.o(.constdata)
</UL>
<P><STRONG><a name="[f8]"></a>rsa_decrypt_wrap</STRONG> (Thumb, 24 bytes, Stack size 16 bytes, pk_wrap.o(i.rsa_decrypt_wrap))
<BR><BR>[Stack]<UL><LI>Max Depth = 48<LI>Call Chain = rsa_decrypt_wrap &rArr; rsa_decrypt_alt &rArr; __2printf
</UL>
<BR>[Calls]<UL><LI><a href="#[50b]">&gt;&gt;</a>&nbsp;&nbsp;&nbsp;rsa_decrypt_alt
</UL>
<BR>[Address Reference Count : 1]<UL><LI> pk_wrap.o(.constdata)
</UL>
<P><STRONG><a name="[f9]"></a>rsa_encrypt_wrap</STRONG> (Thumb, 28 bytes, Stack size 24 bytes, pk_wrap.o(i.rsa_encrypt_wrap))
<BR><BR>[Stack]<UL><LI>Max Depth = 2672 + Unknown Stack Size
<LI>Call Chain = rsa_encrypt_wrap &rArr; rsa_encrypt_alt &rArr; ali_rsa_public_encrypt &rArr; mbedtls_rsa_pkcs1_encrypt &rArr; mbedtls_rsa_rsaes_oaep_encrypt &rArr; mbedtls_rsa_private &rArr; rsa_prepare_blinding &rArr; mbedtls_mpi_exp_mod &rArr; mbedtls_mpi_mod_mpi &rArr; mbedtls_mpi_div_mpi &rArr; mbedtls_mpi_mul_int &rArr; mbedtls_mpi_mul_mpi &rArr; mbedtls_mpi_copy &rArr; mbedtls_mpi_grow &rArr; calloc &rArr; aos_malloc &rArr; krhino_mm_alloc &rArr; k_mm_alloc &rArr; k_mm_smallblk_alloc &rArr; addsize &rArr; sizetoindex
</UL>
<BR>[Calls]<UL><LI><a href="#[50c]">&gt;&gt;</a>&nbsp;&nbsp;&nbsp;rsa_encrypt_alt
</UL>
<BR>[Address Reference Count : 1]<UL><LI> pk_wrap.o(.constdata)
</UL>
<P><STRONG><a name="[fb]"></a>rsa_free_wrap</STRONG> (Thumb, 18 bytes, Stack size 8 bytes, pk_wrap.o(i.rsa_free_wrap))
<BR><BR>[Stack]<UL><LI>Max Depth = 112 + Unknown Stack Size
<LI>Call Chain = rsa_free_wrap &rArr; free &rArr; aos_free &rArr; krhino_mm_free &rArr; k_mm_free &rArr; bitmap_search
</UL>
<BR>[Calls]<UL><LI><a href="#[17d]">&gt;&gt;</a>&nbsp;&nbsp;&nbsp;free
<LI><a href="#[434]">&gt;&gt;</a>&nbsp;&nbsp;&nbsp;mbedtls_rsa_free_alt
</UL>
<BR>[Address Reference Count : 1]<UL><LI> pk_wrap.o(.constdata)
</UL>
<P><STRONG><a name="[f4]"></a>rsa_get_bitlen</STRONG> (Thumb, 6 bytes, Stack size 0 bytes, pk_wrap.o(i.rsa_get_bitlen))
<BR>[Address Reference Count : 1]<UL><LI> pk_wrap.o(.constdata)
</UL>
<P><STRONG><a name="[f7]"></a>rsa_sign_wrap</STRONG> (Thumb, 16 bytes, Stack size 24 bytes, pk_wrap.o(i.rsa_sign_wrap))
<BR><BR>[Stack]<UL><LI>Max Depth = 56<LI>Call Chain = rsa_sign_wrap &rArr; rsa_sign_alt &rArr; __2printf
</UL>
<BR>[Calls]<UL><LI><a href="#[50d]">&gt;&gt;</a>&nbsp;&nbsp;&nbsp;rsa_sign_alt
</UL>
<BR>[Address Reference Count : 1]<UL><LI> pk_wrap.o(.constdata)
</UL>
<P><STRONG><a name="[f6]"></a>rsa_verify_wrap</STRONG> (Thumb, 16 bytes, Stack size 24 bytes, pk_wrap.o(i.rsa_verify_wrap))
<BR><BR>[Stack]<UL><LI>Max Depth = 3840 + Unknown Stack Size
<LI>Call Chain = rsa_verify_wrap &rArr; rsa_verify_alt &rArr; ali_rsa_verify &rArr; mbedtls_rsa_pkcs1_verify &rArr; mbedtls_rsa_rsassa_pss_verify &rArr; mbedtls_rsa_rsassa_pss_verify_ext &rArr; mbedtls_rsa_private &rArr; rsa_prepare_blinding &rArr; mbedtls_mpi_exp_mod &rArr; mbedtls_mpi_mod_mpi &rArr; mbedtls_mpi_div_mpi &rArr; mbedtls_mpi_mul_int &rArr; mbedtls_mpi_mul_mpi &rArr; mbedtls_mpi_copy &rArr; mbedtls_mpi_grow &rArr; calloc &rArr; aos_malloc &rArr; krhino_mm_alloc &rArr; k_mm_alloc &rArr; k_mm_smallblk_alloc &rArr; addsize &rArr; sizetoindex
</UL>
<BR>[Calls]<UL><LI><a href="#[50e]">&gt;&gt;</a>&nbsp;&nbsp;&nbsp;rsa_verify_alt
</UL>
<BR>[Address Reference Count : 1]<UL><LI> pk_wrap.o(.constdata)
</UL>
<P><STRONG><a name="[3e8]"></a>aes_gen_tables</STRONG> (Thumb, 412 bytes, Stack size 2084 bytes, aes.o(i.aes_gen_tables))
<BR><BR>[Stack]<UL><LI>Max Depth = 2084<LI>Call Chain = aes_gen_tables
</UL>
<BR>[Called By]<UL><LI><a href="#[299]">&gt;&gt;</a>&nbsp;&nbsp;&nbsp;mbedtls_aes_setkey_enc
</UL>

<P><STRONG><a name="[419]"></a>mbedtls_mpi_zeroize</STRONG> (Thumb, 12 bytes, Stack size 0 bytes, bignum.o(i.mbedtls_mpi_zeroize))
<BR><BR>[Called By]<UL><LI><a href="#[405]">&gt;&gt;</a>&nbsp;&nbsp;&nbsp;mbedtls_mpi_grow
<LI><a href="#[40b]">&gt;&gt;</a>&nbsp;&nbsp;&nbsp;mbedtls_mpi_free
</UL>

<P><STRONG><a name="[416]"></a>mpi_montmul</STRONG> (Thumb, 190 bytes, Stack size 64 bytes, bignum.o(i.mpi_montmul))
<BR><BR>[Stack]<UL><LI>Max Depth = 84<LI>Call Chain = mpi_montmul &rArr; mpi_sub_hlp
</UL>
<BR>[Calls]<UL><LI><a href="#[1d2]">&gt;&gt;</a>&nbsp;&nbsp;&nbsp;__aeabi_memclr4
<LI><a href="#[2f0]">&gt;&gt;</a>&nbsp;&nbsp;&nbsp;__aeabi_memcpy4
<LI><a href="#[407]">&gt;&gt;</a>&nbsp;&nbsp;&nbsp;mbedtls_mpi_cmp_abs
<LI><a href="#[41f]">&gt;&gt;</a>&nbsp;&nbsp;&nbsp;mpi_sub_hlp
<LI><a href="#[41e]">&gt;&gt;</a>&nbsp;&nbsp;&nbsp;mpi_mul_hlp
</UL>
<BR>[Called By]<UL><LI><a href="#[414]">&gt;&gt;</a>&nbsp;&nbsp;&nbsp;mbedtls_mpi_exp_mod
<LI><a href="#[417]">&gt;&gt;</a>&nbsp;&nbsp;&nbsp;mpi_montred
</UL>

<P><STRONG><a name="[417]"></a>mpi_montred</STRONG> (Thumb, 32 bytes, Stack size 32 bytes, bignum.o(i.mpi_montred))
<BR><BR>[Stack]<UL><LI>Max Depth = 116<LI>Call Chain = mpi_montred &rArr; mpi_montmul &rArr; mpi_sub_hlp
</UL>
<BR>[Calls]<UL><LI><a href="#[416]">&gt;&gt;</a>&nbsp;&nbsp;&nbsp;mpi_montmul
</UL>
<BR>[Called By]<UL><LI><a href="#[414]">&gt;&gt;</a>&nbsp;&nbsp;&nbsp;mbedtls_mpi_exp_mod
</UL>

<P><STRONG><a name="[41e]"></a>mpi_mul_hlp</STRONG> (Thumb, 898 bytes, Stack size 20 bytes, bignum.o(i.mpi_mul_hlp))
<BR><BR>[Stack]<UL><LI>Max Depth = 20<LI>Call Chain = mpi_mul_hlp
</UL>
<BR>[Called By]<UL><LI><a href="#[41d]">&gt;&gt;</a>&nbsp;&nbsp;&nbsp;mbedtls_mpi_mul_mpi
<LI><a href="#[416]">&gt;&gt;</a>&nbsp;&nbsp;&nbsp;mpi_montmul
</UL>

<P><STRONG><a name="[41f]"></a>mpi_sub_hlp</STRONG> (Thumb, 76 bytes, Stack size 20 bytes, bignum.o(i.mpi_sub_hlp))
<BR><BR>[Stack]<UL><LI>Max Depth = 20<LI>Call Chain = mpi_sub_hlp
</UL>
<BR>[Called By]<UL><LI><a href="#[408]">&gt;&gt;</a>&nbsp;&nbsp;&nbsp;mbedtls_mpi_sub_abs
<LI><a href="#[416]">&gt;&gt;</a>&nbsp;&nbsp;&nbsp;mpi_montmul
</UL>

<P><STRONG><a name="[442]"></a>mgf_mask</STRONG> (Thumb, 128 bytes, Stack size 104 bytes, rsa.o(i.mgf_mask))
<BR><BR>[Stack]<UL><LI>Max Depth = 112<LI>Call Chain = mgf_mask &rArr; mbedtls_md_update
</UL>
<BR>[Calls]<UL><LI><a href="#[445]">&gt;&gt;</a>&nbsp;&nbsp;&nbsp;mbedtls_md_update
<LI><a href="#[444]">&gt;&gt;</a>&nbsp;&nbsp;&nbsp;mbedtls_md_starts
<LI><a href="#[446]">&gt;&gt;</a>&nbsp;&nbsp;&nbsp;mbedtls_md_finish
<LI><a href="#[43f]">&gt;&gt;</a>&nbsp;&nbsp;&nbsp;mbedtls_md_get_size
<LI><a href="#[1d2]">&gt;&gt;</a>&nbsp;&nbsp;&nbsp;__aeabi_memclr4
</UL>
<BR>[Called By]<UL><LI><a href="#[443]">&gt;&gt;</a>&nbsp;&nbsp;&nbsp;mbedtls_rsa_rsassa_pss_verify_ext
<LI><a href="#[438]">&gt;&gt;</a>&nbsp;&nbsp;&nbsp;mbedtls_rsa_rsaes_oaep_encrypt
</UL>

<P><STRONG><a name="[43c]"></a>rsa_prepare_blinding</STRONG> (Thumb, 180 bytes, Stack size 40 bytes, rsa.o(i.rsa_prepare_blinding))
<BR><BR>[Stack]<UL><LI>Max Depth = 2176 + Unknown Stack Size
<LI>Call Chain = rsa_prepare_blinding &rArr; mbedtls_mpi_exp_mod &rArr; mbedtls_mpi_mod_mpi &rArr; mbedtls_mpi_div_mpi &rArr; mbedtls_mpi_mul_int &rArr; mbedtls_mpi_mul_mpi &rArr; mbedtls_mpi_copy &rArr; mbedtls_mpi_grow &rArr; calloc &rArr; aos_malloc &rArr; krhino_mm_alloc &rArr; k_mm_alloc &rArr; k_mm_smallblk_alloc &rArr; addsize &rArr; sizetoindex
</UL>
<BR>[Calls]<UL><LI><a href="#[41d]">&gt;&gt;</a>&nbsp;&nbsp;&nbsp;mbedtls_mpi_mul_mpi
<LI><a href="#[415]">&gt;&gt;</a>&nbsp;&nbsp;&nbsp;mbedtls_mpi_mod_mpi
<LI><a href="#[41c]">&gt;&gt;</a>&nbsp;&nbsp;&nbsp;mbedtls_mpi_inv_mod
<LI><a href="#[41a]">&gt;&gt;</a>&nbsp;&nbsp;&nbsp;mbedtls_mpi_gcd
<LI><a href="#[418]">&gt;&gt;</a>&nbsp;&nbsp;&nbsp;mbedtls_mpi_fill_random
<LI><a href="#[414]">&gt;&gt;</a>&nbsp;&nbsp;&nbsp;mbedtls_mpi_exp_mod
<LI><a href="#[409]">&gt;&gt;</a>&nbsp;&nbsp;&nbsp;mbedtls_mpi_cmp_int
</UL>
<BR>[Called By]<UL><LI><a href="#[43b]">&gt;&gt;</a>&nbsp;&nbsp;&nbsp;mbedtls_rsa_private
</UL>

<P><STRONG><a name="[274]"></a>_fp_digits</STRONG> (Thumb, 334 bytes, Stack size 56 bytes, printfa.o(i._fp_digits), UNUSED)
<BR><BR>[Calls]<UL><LI><a href="#[113]">&gt;&gt;</a>&nbsp;&nbsp;&nbsp;__aeabi_dmul
<LI><a href="#[10d]">&gt;&gt;</a>&nbsp;&nbsp;&nbsp;__aeabi_dadd
<LI><a href="#[256]">&gt;&gt;</a>&nbsp;&nbsp;&nbsp;__aeabi_cdrcmple
<LI><a href="#[100]">&gt;&gt;</a>&nbsp;&nbsp;&nbsp;__aeabi_uldivmod
<LI><a href="#[119]">&gt;&gt;</a>&nbsp;&nbsp;&nbsp;__aeabi_ddiv
<LI><a href="#[11a]">&gt;&gt;</a>&nbsp;&nbsp;&nbsp;__aeabi_d2ulz
</UL>
<BR>[Called By]<UL><LI><a href="#[246]">&gt;&gt;</a>&nbsp;&nbsp;&nbsp;_printf_core
</UL>

<P><STRONG><a name="[246]"></a>_printf_core</STRONG> (Thumb, 1744 bytes, Stack size 136 bytes, printfa.o(i._printf_core), UNUSED)
<BR><BR>[Calls]<UL><LI><a href="#[100]">&gt;&gt;</a>&nbsp;&nbsp;&nbsp;__aeabi_uldivmod
<LI><a href="#[280]">&gt;&gt;</a>&nbsp;&nbsp;&nbsp;__aeabi_uidivmod
<LI><a href="#[27e]">&gt;&gt;</a>&nbsp;&nbsp;&nbsp;_printf_pre_padding
<LI><a href="#[27f]">&gt;&gt;</a>&nbsp;&nbsp;&nbsp;_printf_post_padding
<LI><a href="#[274]">&gt;&gt;</a>&nbsp;&nbsp;&nbsp;_fp_digits
</UL>
<BR>[Called By]<UL><LI><a href="#[24b]">&gt;&gt;</a>&nbsp;&nbsp;&nbsp;__0vsnprintf
<LI><a href="#[24a]">&gt;&gt;</a>&nbsp;&nbsp;&nbsp;__0vprintf
<LI><a href="#[249]">&gt;&gt;</a>&nbsp;&nbsp;&nbsp;__0sprintf
<LI><a href="#[248]">&gt;&gt;</a>&nbsp;&nbsp;&nbsp;__0snprintf
<LI><a href="#[247]">&gt;&gt;</a>&nbsp;&nbsp;&nbsp;__0printf
<LI><a href="#[245]">&gt;&gt;</a>&nbsp;&nbsp;&nbsp;__0fprintf
</UL>

<P><STRONG><a name="[27f]"></a>_printf_post_padding</STRONG> (Thumb, 36 bytes, Stack size 24 bytes, printfa.o(i._printf_post_padding), UNUSED)
<BR><BR>[Called By]<UL><LI><a href="#[246]">&gt;&gt;</a>&nbsp;&nbsp;&nbsp;_printf_core
</UL>

<P><STRONG><a name="[27e]"></a>_printf_pre_padding</STRONG> (Thumb, 46 bytes, Stack size 24 bytes, printfa.o(i._printf_pre_padding), UNUSED)
<BR><BR>[Called By]<UL><LI><a href="#[246]">&gt;&gt;</a>&nbsp;&nbsp;&nbsp;_printf_core
</UL>

<P><STRONG><a name="[8d]"></a>_snputc</STRONG> (Thumb, 22 bytes, Stack size 0 bytes, printfa.o(i._snputc))
<BR>[Address Reference Count : 2]<UL><LI> printfa.o(i.__0vsnprintf)
<LI> printfa.o(i.__0snprintf)
</UL>
<P><STRONG><a name="[8e]"></a>_sputc</STRONG> (Thumb, 10 bytes, Stack size 0 bytes, printfa.o(i._sputc))
<BR><BR>[Called By]<UL><LI><a href="#[249]">&gt;&gt;</a>&nbsp;&nbsp;&nbsp;__0sprintf
</UL>
<BR>[Address Reference Count : 1]<UL><LI> printfa.o(i.__0sprintf)
</UL>
<P><STRONG><a name="[83]"></a>_scanf_char_input</STRONG> (Thumb, 12 bytes, Stack size 0 bytes, scanf_char.o(.text))
<BR>[Address Reference Count : 1]<UL><LI> scanf_char.o(.text)
</UL><P>
<H3>
Undefined Global Symbols
</H3><HR></body></html>
