<html>
<body>
<pre>
<h1>µVision Build Log</h1>
<h2>Tool Versions:</h2>
IDE-Version: ¦ÌVision V5.14.0.0
Copyright (C) 2015 ARM Ltd and ARM Germany GmbH. All rights reserved.
License Information: z p, diy, LIC=9N02Z-JLEVI-MRJXP-M9GUY-90MQQ-67N07
 
Tool Versions:
Toolchain:       MDK-ARM Professional  Version: 5.14.0.0
Toolchain Path:  D:\Program Files (x86)\Keil_v5\ARM\ARMCC\Bin
C Compiler:      Armcc.exe V5.05 update 1 (build 106)
Assembler:       Armasm.exe V5.05 update 1 (build 106)
Linker/Locator:  ArmLink.exe V5.05 update 1 (build 106)
Library Manager: ArmAr.exe V5.05 update 1 (build 106)
Hex Converter:   FromElf.exe V5.05 update 1 (build 106)
CPU DLL:         SARMCM3.DLL V5.14.0.0
Dialog DLL:      DCM.DLL V1.13.1.0
Target DLL:      STLink\ST-LINKIII-KEIL_SWO.dll V2.0.14.0_KEIL
Dialog DLL:      TCM.DLL V1.14.4.0
 
<h2>Project:</h2>
F:\AliOS-Things-master\AliOS-Things-master\projects\Keil\STM32L476RG-Nucleo\mqttapp\B-L475E-IOT01.uvprojx
Project File Date:  01/10/2018

<h2>Output:</h2>
Build target 'B-L475E-IOT01'
compiling stm32l475e_iot01.c...
compiling stm32l475e_iot01_accelero.c...
compiling stm32l475e_iot01_gyro.c...
compiling stm32l475e_iot01_hsensor.c...
compiling stm32l475e_iot01_magneto.c...
compiling stm32l475e_iot01_psensor.c...
compiling stm32l475e_iot01_qspi.c...
compiling stm32l475e_iot01_tsensor.c...
compiling m0_wifi.c...
compiling hts221.c...
compiling lis3mdl.c...
compiling lps22hb.c...
compiling lsm6dsl.c...
compiling vl53l0x_api.c...
compiling vl53l0x_api_calibration.c...
compiling vl53l0x_api_core.c...
compiling vl53l0x_api_ranging.c...
compiling vl53l0x_api_strings.c...
compiling vl53l0x_platform_log.c...
compiling system_stm32l4xx.c...
compiling aos.c...
compiling soc_init.c...
..\..\..\..\platform\mcu\stm32l475\src\B-L475E-IOT01\runapp\soc_init.c(318): warning:  #177-D: variable "ret" was declared but never referenced
      int ret;
..\..\..\..\platform\mcu\stm32l475\src\B-L475E-IOT01\runapp\soc_init.c: 1 warning, 0 errors
compiling stm32l4xx_hal_msp.c...
compiling stm32l4xx_it.c...
assembling startup_stm32l475xx_armcc.s...
compiling stm32l4xx_hal.c...
compiling stm32l4xx_hal_cortex.c...
compiling stm32l4xx_hal_dma.c...
compiling stm32l4xx_hal_flash.c...
compiling stm32l4xx_hal_flash_ex.c...
compiling stm32l4xx_hal_gpio.c...
compiling stm32l4xx_hal_i2c.c...
compiling stm32l4xx_hal_i2c_ex.c...
compiling stm32l4xx_hal_pwr.c...
compiling stm32l4xx_hal_pwr_ex.c...
compiling stm32l4xx_hal_qspi.c...
compiling stm32l4xx_hal_rcc.c...
compiling stm32l4xx_hal_rcc_ex.c...
compiling stm32l4xx_hal_rng.c...
compiling stm32l4xx_hal_rtc.c...
compiling stm32l4xx_hal_rtc_ex.c...
compiling stm32l4xx_hal_uart.c...
compiling stm32l4xx_hal_uart_ex.c...
compiling port_c.c...
assembling port_c.s...
compiling soc_impl.c...
compiling trace_impl.c...
compiling flash_l4.c...
compiling flash_port.c...
compiling hw.c...
compiling ota_port.c...
compiling wifi_port.c...
..\..\..\..\platform\mcu\stm32l475\src\B-L475E-IOT01\hal\wifi_port.c(38): warning:  #177-D: variable "ip_address" was declared but never referenced
      uint8_t ip_address[4];
..\..\..\..\platform\mcu\stm32l475\src\B-L475E-IOT01\hal\wifi_port.c: 1 warning, 0 errors
compiling wifi.c...
compiling m0_wifi_io.c...
compiling sensors_data.c...
compiling vl53l0x_platform.c...
compiling vl53l0x_proximity.c...
compiling board.c...
compiling osa_flash.c...
compiling k_buf_queue.c...
compiling k_dyn_mem_proc.c...
compiling k_err.c...
compiling k_event.c...
compiling k_fifo.c...
compiling k_idle.c...
compiling k_mm.c...
compiling k_mm_blk.c...
compiling k_mm_debug.c...
compiling k_mutex.c...
compiling k_obj.c...
compiling k_obj_set.c...
compiling k_pend.c...
compiling k_queue.c...
compiling k_ringbuf.c...
compiling k_sched.c...
compiling k_sem.c...
compiling k_stats.c...
compiling k_sys.c...
compiling k_task.c...
compiling k_task_sem.c...
compiling k_tick.c...
compiling k_time.c...
compiling k_timer.c...
compiling k_trace.c...
compiling k_workqueue.c...
compiling ota.c...
compiling wifi.c...
compiling aos_init.c...
compiling kvmgr.c...
compiling aos_rhino.c...
compiling device.c...
compiling vfs.c...
compiling vfs_inode.c...
compiling vfs_register.c...
compiling local_event.c...
compiling yloop.c...
compiling main.c...
compiling version.c...
compiling mqtt_client.c...
..\..\..\..\framework\connectivity\mqtt\mqtt_client.c(327): warning:  #550-D: variable "rc" was set but never used
      int rc = 0;
..\..\..\..\framework\connectivity\mqtt\mqtt_client.c(466): warning:  #550-D: variable "rc" was set but never used
      int rc = 0;
..\..\..\..\framework\connectivity\mqtt\mqtt_client.c(526): warning:  #550-D: variable "rc" was set but never used
      int rc = 0;
..\..\..\..\framework\connectivity\mqtt\mqtt_client.c(1662): warning:  #186-D: pointless comparison of unsigned integer with zero
      if (qos < IOTX_MQTT_QOS0 || qos > IOTX_MQTT_QOS2) {
..\..\..\..\framework\connectivity\mqtt\mqtt_client.c(1663): warning:  #188-D: enumerated type mixed with another type
          return rc;
..\..\..\..\framework\connectivity\mqtt\mqtt_client.c(1684): warning:  #188-D: enumerated type mixed with another type
          return rc;
..\..\..\..\framework\connectivity\mqtt\mqtt_client.c(1688): warning:  #188-D: enumerated type mixed with another type
      return msgId;
..\..\..\..\framework\connectivity\mqtt\mqtt_client.c(1720): warning:  #188-D: enumerated type mixed with another type
          return rc;
..\..\..\..\framework\connectivity\mqtt\mqtt_client.c(1724): warning:  #188-D: enumerated type mixed with another type
      return msgId;
..\..\..\..\framework\connectivity\mqtt\mqtt_client.c(1767): warning:  #188-D: enumerated type mixed with another type
          return rc;
..\..\..\..\framework\connectivity\mqtt\mqtt_client.c(1770): warning:  #188-D: enumerated type mixed with another type
      return msg_id;
..\..\..\..\framework\connectivity\mqtt\mqtt_client.c(1779): warning:  #188-D: enumerated type mixed with another type
          return -1;
..\..\..\..\framework\connectivity\mqtt\mqtt_client.c(1779): warning:  #68-D: integer conversion resulted in a change of sign
          return -1;
..\..\..\..\framework\connectivity\mqtt\mqtt_client.c(1968): warning:  #188-D: enumerated type mixed with another type
      iotx_mc_set_client_state(pClient, mc_state);
..\..\..\..\framework\connectivity\mqtt\mqtt_client.c(1970): warning:  #188-D: enumerated type mixed with another type
      return rc;
..\..\..\..\framework\connectivity\mqtt\mqtt_client.c(2537): warning:  #188-D: enumerated type mixed with another type
      err = iotx_mc_connect(pclient);
..\..\..\..\framework\connectivity\mqtt\mqtt_client.c(2615): warning:  #186-D: pointless comparison of unsigned integer with zero
      if (qos < IOTX_MQTT_QOS0 || qos > IOTX_MQTT_QOS2) {
..\..\..\..\framework\connectivity\mqtt\mqtt_client.c: 17 warnings, 0 errors
compiling MQTTConnectClient.c...
compiling MQTTDeserializePublish.c...
compiling MQTTPacket.c...
compiling MQTTSerializePublish.c...
compiling MQTTSubscribeClient.c...
compiling MQTTUnsubscribeClient.c...
compiling ota_service.c...
../../../../framework/fota/platform/ota_transport.h(51): warning:  #1295-D: Deprecated declaration platform_ota_get_id - give arg types
  const char *platform_ota_get_id();
..\..\..\..\framework\fota\ota_update_manifest.h(23): warning:  #815-D: type qualifier on return type is meaningless
  char *const ota_get_resp_msg();
..\..\..\..\framework\fota\ota_update_manifest.h(23): warning:  #1295-D: Deprecated declaration ota_get_resp_msg - give arg types
  char *const ota_get_resp_msg();
..\..\..\..\framework\fota\ota_version.h(23): warning:  #1295-D: Deprecated declaration ota_get_system_version - give arg types
  const char *ota_get_system_version();
..\..\..\..\framework\fota\ota_version.h(24): warning:  #1295-D: Deprecated declaration ota_get_dev_version - give arg types
  const char *ota_get_dev_version();
..\..\..\..\framework\fota\ota_version.h(25): warning:  #1295-D: Deprecated declaration ota_get_ota_version - give arg types
  const char *ota_get_ota_version();
..\..\..\..\framework\fota\ota_util.h(64): warning:  #1295-D: Deprecated declaration ota_status_deinit - give arg types
  void ota_status_deinit();
..\..\..\..\framework\fota\ota_util.h(78): warning:  #1295-D: Deprecated declaration ota_get_version - give arg types
  const char *ota_get_version();
..\..\..\..\framework\fota\ota_service.c(41): warning:  #188-D: enumerated type mixed with another type
      finsh_para.result_type = finished_result;
..\..\..\..\framework\fota\ota_service.c: 9 warnings, 0 errors
compiling ota_update_manifest.c...
../../../../framework/fota/platform/ota_transport.h(51): warning:  #1295-D: Deprecated declaration platform_ota_get_id - give arg types
  const char *platform_ota_get_id();
..\..\..\..\framework\fota\ota_update_manifest.h(23): warning:  #815-D: type qualifier on return type is meaningless
  char *const ota_get_resp_msg();
..\..\..\..\framework\fota\ota_update_manifest.h(23): warning:  #1295-D: Deprecated declaration ota_get_resp_msg - give arg types
  char *const ota_get_resp_msg();
..\..\..\..\framework\fota\ota_util.h(64): warning:  #1295-D: Deprecated declaration ota_status_deinit - give arg types
  void ota_status_deinit();
..\..\..\..\framework\fota\ota_util.h(78): warning:  #1295-D: Deprecated declaration ota_get_version - give arg types
  const char *ota_get_version();
..\..\..\..\framework\fota\ota_version.h(23): warning:  #1295-D: Deprecated declaration ota_get_system_version - give arg types
  const char *ota_get_system_version();
..\..\..\..\framework\fota\ota_version.h(24): warning:  #1295-D: Deprecated declaration ota_get_dev_version - give arg types
  const char *ota_get_dev_version();
..\..\..\..\framework\fota\ota_version.h(25): warning:  #1295-D: Deprecated declaration ota_get_ota_version - give arg types
  const char *ota_get_ota_version();
../../../../framework/fota/download/ota_download.h(14): warning:  #1295-D: Deprecated declaration ota_get_update_breakpoint - give arg types
  uint32_t ota_get_update_breakpoint();
..\..\..\..\framework\fota\ota_update_manifest.c(25): warning:  #815-D: type qualifier on return type is meaningless
  static char *const get_download_url()
..\..\..\..\framework\fota\ota_update_manifest.c(56): warning:  #815-D: type qualifier on return type is meaningless
  char *const ota_get_resp_msg()
..\..\..\..\framework\fota\ota_update_manifest.c: 11 warnings, 0 errors
compiling ota_util.c...
../../../../framework/fota/platform/ota_transport.h(51): warning:  #1295-D: Deprecated declaration platform_ota_get_id - give arg types
  const char *platform_ota_get_id();
..\..\..\..\framework\fota\ota_util.h(64): warning:  #1295-D: Deprecated declaration ota_status_deinit - give arg types
  void ota_status_deinit();
..\..\..\..\framework\fota\ota_util.h(78): warning:  #1295-D: Deprecated declaration ota_get_version - give arg types
  const char *ota_get_version();
..\..\..\..\framework\fota\ota_version.h(23): warning:  #1295-D: Deprecated declaration ota_get_system_version - give arg types
  const char *ota_get_system_version();
..\..\..\..\framework\fota\ota_version.h(24): warning:  #1295-D: Deprecated declaration ota_get_dev_version - give arg types
  const char *ota_get_dev_version();
..\..\..\..\framework\fota\ota_version.h(25): warning:  #1295-D: Deprecated declaration ota_get_ota_version - give arg types
  const char *ota_get_ota_version();
..\..\..\..\framework\fota\ota_util.c: 6 warnings, 0 errors
compiling ota_version.c...
../../../../framework/fota/platform/ota_transport.h(51): warning:  #1295-D: Deprecated declaration platform_ota_get_id - give arg types
  const char *platform_ota_get_id();
..\..\..\..\framework\fota\ota_update_manifest.h(23): warning:  #815-D: type qualifier on return type is meaningless
  char *const ota_get_resp_msg();
..\..\..\..\framework\fota\ota_update_manifest.h(23): warning:  #1295-D: Deprecated declaration ota_get_resp_msg - give arg types
  char *const ota_get_resp_msg();
..\..\..\..\framework\fota\ota_util.h(64): warning:  #1295-D: Deprecated declaration ota_status_deinit - give arg types
  void ota_status_deinit();
..\..\..\..\framework\fota\ota_util.h(78): warning:  #1295-D: Deprecated declaration ota_get_version - give arg types
  const char *ota_get_version();
..\..\..\..\framework\fota\ota_version.h(23): warning:  #1295-D: Deprecated declaration ota_get_system_version - give arg types
  const char *ota_get_system_version();
..\..\..\..\framework\fota\ota_version.h(24): warning:  #1295-D: Deprecated declaration ota_get_dev_version - give arg types
  const char *ota_get_dev_version();
..\..\..\..\framework\fota\ota_version.h(25): warning:  #1295-D: Deprecated declaration ota_get_ota_version - give arg types
  const char *ota_get_ota_version();
..\..\..\..\framework\fota\ota_version.c: 8 warnings, 0 errors
compiling ota_platform_os.c...
..\..\..\..\framework\fota\platform\ota_platform_os.c(73): warning:  #68-D: integer conversion resulted in a change of sign
      if (-1 == timeout_ms) {
..\..\..\..\framework\fota\platform\ota_platform_os.c(74): warning:  #68-D: integer conversion resulted in a change of sign
          return aos_sem_wait((aos_sem_t *)sem, -1);
..\..\..\..\framework\fota\platform\ota_platform_os.c: 2 warnings, 0 errors
compiling ota_transport.c...
../../../../framework/fota/platform/ota_transport.h(51): warning:  #1295-D: Deprecated declaration platform_ota_get_id - give arg types
  const char *platform_ota_get_id();
../../../../framework/fota/ota_update_manifest.h(23): warning:  #815-D: type qualifier on return type is meaningless
  char *const ota_get_resp_msg();
../../../../framework/fota/ota_update_manifest.h(23): warning:  #1295-D: Deprecated declaration ota_get_resp_msg - give arg types
  char *const ota_get_resp_msg();
../../../../framework/fota/ota_util.h(64): warning:  #1295-D: Deprecated declaration ota_status_deinit - give arg types
  void ota_status_deinit();
../../../../framework/fota/ota_util.h(78): warning:  #1295-D: Deprecated declaration ota_get_version - give arg types
  const char *ota_get_version();
../../../../framework/fota/ota_version.h(23): warning:  #1295-D: Deprecated declaration ota_get_system_version - give arg types
  const char *ota_get_system_version();
../../../../framework/fota/ota_version.h(24): warning:  #1295-D: Deprecated declaration ota_get_dev_version - give arg types
  const char *ota_get_dev_version();
../../../../framework/fota/ota_version.h(25): warning:  #1295-D: Deprecated declaration ota_get_ota_version - give arg types
  const char *ota_get_ota_version();
..\..\..\..\framework\fota\platform\mqtt\ota_transport.c: 8 warnings, 0 errors
compiling download_common.c...
../../../../framework/fota/platform/ota_transport.h(51): warning:  #1295-D: Deprecated declaration platform_ota_get_id - give arg types
  const char *platform_ota_get_id();
../../../../framework/fota/ota_update_manifest.h(23): warning:  #815-D: type qualifier on return type is meaningless
  char *const ota_get_resp_msg();
../../../../framework/fota/ota_update_manifest.h(23): warning:  #1295-D: Deprecated declaration ota_get_resp_msg - give arg types
  char *const ota_get_resp_msg();
..\..\..\..\framework\fota\download\ota_download.h(14): warning:  #1295-D: Deprecated declaration ota_get_update_breakpoint - give arg types
  uint32_t ota_get_update_breakpoint();
../../../../framework/fota/ota_util.h(64): warning:  #1295-D: Deprecated declaration ota_status_deinit - give arg types
  void ota_status_deinit();
../../../../framework/fota/ota_util.h(78): warning:  #1295-D: Deprecated declaration ota_get_version - give arg types
  const char *ota_get_version();
..\..\..\..\framework\fota\download\download_common.c: 6 warnings, 0 errors
compiling ota_download.c...
../../../../framework/fota/platform/ota_transport.h(51): warning:  #1295-D: Deprecated declaration platform_ota_get_id - give arg types
  const char *platform_ota_get_id();
../../../../framework/fota/ota_update_manifest.h(23): warning:  #815-D: type qualifier on return type is meaningless
  char *const ota_get_resp_msg();
../../../../framework/fota/ota_update_manifest.h(23): warning:  #1295-D: Deprecated declaration ota_get_resp_msg - give arg types
  char *const ota_get_resp_msg();
../../../../framework/fota/download/ota_download.h(14): warning:  #1295-D: Deprecated declaration ota_get_update_breakpoint - give arg types
  uint32_t ota_get_update_breakpoint();
../../../../framework/fota/ota_util.h(64): warning:  #1295-D: Deprecated declaration ota_status_deinit - give arg types
  void ota_status_deinit();
../../../../framework/fota/ota_util.h(78): warning:  #1295-D: Deprecated declaration ota_get_version - give arg types
  const char *ota_get_version();
..\..\..\..\framework\fota\download\http\ota_download.c(162): warning:  #1293-D: assignment in condition
      while ((nbytes = ota_socket_recv(sockfd, http_buffer, OTA_BUFFER_MAX_SIZE - 1))) {
..\..\..\..\framework\fota\download\http\ota_download.c(151): warning:  #546-D: transfer of control bypasses initialization of:
            variable "size" (declared at line 156)
            variable "header_found" (declared at line 157)
            variable "pos" (declared at line 158)
            variable "file_size" (declared at line 159)
              goto DOWNLOAD_END;
              ^
..\..\..\..\framework\fota\download\http\ota_download.c: 8 warnings, 0 errors
compiling ota_socket.c...
..\..\..\..\framework\fota\download\http\socket\stm32wifi\ota_socket.c(48): warning:  #177-D: variable "ip_address" was declared but never referenced
      uint8_t ip_address[4];
..\..\..\..\framework\fota\download\http\socket\stm32wifi\ota_socket.c(49): warning:  #177-D: variable "ip" was declared but never referenced
      char    ip[16];
..\..\..\..\framework\fota\download\http\socket\stm32wifi\ota_socket.c(87): warning:  #167-D: argument of type "char *" is incompatible with parameter of type "uint8_t *"
                                 buf, (uint16_t)len,
..\..\..\..\framework\fota\download\http\socket\stm32wifi\ota_socket.c: 3 warnings, 0 errors
compiling netmgr.c...
compiling cli.c...
compiling dumpsys.c...
compiling armcc_libc.c...
compiling CheckSumUtils.c...
compiling md5.c...
compiling log.c...
compiling ca.c...
compiling device.c...
compiling utils_base64.c...
compiling utils_hmac.c...
compiling utils_md5.c...
compiling utils_sha1.c...
compiling cJSON.c...
..\..\..\..\utility\cjson\cJSON.c(94): warning:  #1293-D: assignment in condition
    if (!(copy = (char *)cJSON_malloc(len)))
..\..\..\..\utility\cjson\cJSON.c(526): warning:  #1293-D: assignment in condition
    while ((token = *ptr) && ++len)
..\..\..\..\utility\cjson\cJSON.c(764): warning:  #1293-D: assignment in condition
        if (!(new_item = cJSON_New_Item()))
..\..\..\..\utility\cjson\cJSON.c(957): warning:  #1293-D: assignment in condition
        if (!(new_item = cJSON_New_Item()))
..\..\..\..\utility\cjson\cJSON.c(66): warning:  #550-D: variable "cJSON_malloc" was set but never used
  static void *(*cJSON_malloc)(size_t sz) = aos_malloc;
..\..\..\..\utility\cjson\cJSON.c(67): warning:  #550-D: variable "cJSON_free" was set but never used
  static void (*cJSON_free)(void *ptr)    = aos_free;
..\..\..\..\utility\cjson\cJSON.c: 6 warnings, 0 errors
compiling guider.c...
compiling HAL_OS_rhino.c...
compiling HAL_TCP_rhino.c...
compiling HAL_TLS_mbedtls.c...
compiling lite-log.c...
compiling json_parser.c...
compiling json_token.c...
compiling mem_stats.c...
compiling string_utils.c...
compiling utils_epoch_time.c...
compiling utils_httpc.c...
compiling utils_list.c...
compiling utils_net.c...
compiling utils_timer.c...
compiling sdk-impl.c...
compiling mqtt-example-b_l475e.c...
..\..\..\..\example\mqttapp\mqtt-example-b_l475e.c(326): warning:  #940-D: missing return statement at end of non-void function "mqtt_client_example"
  }
..\..\..\..\example\mqttapp\mqtt-example-b_l475e.c(202): warning:  #177-D: variable "cnt" was declared but never referenced
      int rc = 0, cnt = 0;
..\..\..\..\example\mqttapp\mqtt-example-b_l475e.c(208): warning:  #177-D: variable "bp_pushed" was declared but never referenced
      uint8_t bp_pushed;
..\..\..\..\example\mqttapp\mqtt-example-b_l475e.c(209): warning:  #177-D: variable "ledstate" was declared but never referenced
      char ledstate[] = { "Off" };
..\..\..\..\example\mqttapp\mqtt-example-b_l475e.c(210): warning:  #177-D: variable "msg_on" was declared but never referenced
      const char msg_on[]  = "{\"state\":{\"reported\":{\"LED_value\":\"On\"}}}";
..\..\..\..\example\mqttapp\mqtt-example-b_l475e.c(211): warning:  #177-D: variable "msg_off" was declared but never referenced
      const char msg_off[] = "{\"state\":{\"reported\":{\"LED_value\":\"Off\"}}}";
..\..\..\..\example\mqttapp\mqtt-example-b_l475e.c(212): warning:  #177-D: variable "led_msg" was declared but never referenced
      const char *led_msg = NULL;
..\..\..\..\example\mqttapp\mqtt-example-b_l475e.c: 7 warnings, 0 errors
compiling mbedtls_net.c...
compiling mbedtls_ssl.c...
linking...
.\Objects\B-L475E-IOT01.axf: Warning: L6988W: Ignoring unknown patch sdcomp-29491-629360.
Program Size: Code=174204 RO-data=13508 RW-data=736 ZI-data=95552  
Finished: 0 information, 1 warning and 0 error messages.
After Build - User command #1: fromelf.exe --bin -o "F:\AliOS-Things-master\AliOS-Things-master\projects\Keil\STM32L476RG-Nucleo\mqttapp\Objects\B-L475E-IOT01.bin" "F:\AliOS-Things-master\AliOS-Things-master\projects\Keil\STM32L476RG-Nucleo\mqttapp\Objects\B-L475E-IOT01.axf"
".\Objects\B-L475E-IOT01.axf" - 0 Error(s), 94 Warning(s).

<h2>Collection of Component include folders:</h2>
  F:\AliOS-Things-master\AliOS-Things-master\projects\Keil\STM32L476RG-Nucleo\mqttapp\RTE
  D:\Program Files (x86)\Keil_v5\ARM\PACK\Keil\STM32L4xx_DFP\2.0.0

<h2>Collection of Component Files used:</h2>
</pre>
</body>
</html>
